Archive member included to satisfy reference by file (symbol)

/media/christoph/8A841458841448D9/space/altera_lite/15.1/nios2eds/bin/gnu/H-x86_64-pc-linux-gnu/bin/../lib/gcc/nios2-elf/4.9.2/mno-hw-mul/libgcc.a(_fixunsdfsi.o)
                              obj/default/motor.o (__fixunsdfsi)
/media/christoph/8A841458841448D9/space/altera_lite/15.1/nios2eds/bin/gnu/H-x86_64-pc-linux-gnu/bin/../lib/gcc/nios2-elf/4.9.2/mno-hw-mul/libgcc.a(lib2-mul.o)
                              obj/default/gps.o (__mulsi3)
/media/christoph/8A841458841448D9/space/altera_lite/15.1/nios2eds/bin/gnu/H-x86_64-pc-linux-gnu/bin/../lib/gcc/nios2-elf/4.9.2/mno-hw-mul/libgcc.a(divdf3.o)
                              obj/default/motor.o (__divdf3)
/media/christoph/8A841458841448D9/space/altera_lite/15.1/nios2eds/bin/gnu/H-x86_64-pc-linux-gnu/bin/../lib/gcc/nios2-elf/4.9.2/mno-hw-mul/libgcc.a(gedf2.o)
                              /media/christoph/8A841458841448D9/space/altera_lite/15.1/nios2eds/bin/gnu/H-x86_64-pc-linux-gnu/bin/../lib/gcc/nios2-elf/4.9.2/mno-hw-mul/libgcc.a(_fixunsdfsi.o) (__gedf2)
/media/christoph/8A841458841448D9/space/altera_lite/15.1/nios2eds/bin/gnu/H-x86_64-pc-linux-gnu/bin/../lib/gcc/nios2-elf/4.9.2/mno-hw-mul/libgcc.a(ledf2.o)
                              obj/default/motor.o (__ltdf2)
/media/christoph/8A841458841448D9/space/altera_lite/15.1/nios2eds/bin/gnu/H-x86_64-pc-linux-gnu/bin/../lib/gcc/nios2-elf/4.9.2/mno-hw-mul/libgcc.a(muldf3.o)
                              obj/default/motor.o (__muldf3)
/media/christoph/8A841458841448D9/space/altera_lite/15.1/nios2eds/bin/gnu/H-x86_64-pc-linux-gnu/bin/../lib/gcc/nios2-elf/4.9.2/mno-hw-mul/libgcc.a(subdf3.o)
                              /media/christoph/8A841458841448D9/space/altera_lite/15.1/nios2eds/bin/gnu/H-x86_64-pc-linux-gnu/bin/../lib/gcc/nios2-elf/4.9.2/mno-hw-mul/libgcc.a(_fixunsdfsi.o) (__subdf3)
/media/christoph/8A841458841448D9/space/altera_lite/15.1/nios2eds/bin/gnu/H-x86_64-pc-linux-gnu/bin/../lib/gcc/nios2-elf/4.9.2/mno-hw-mul/libgcc.a(fixdfsi.o)
                              /media/christoph/8A841458841448D9/space/altera_lite/15.1/nios2eds/bin/gnu/H-x86_64-pc-linux-gnu/bin/../lib/gcc/nios2-elf/4.9.2/mno-hw-mul/libgcc.a(_fixunsdfsi.o) (__fixdfsi)
/media/christoph/8A841458841448D9/space/altera_lite/15.1/nios2eds/bin/gnu/H-x86_64-pc-linux-gnu/bin/../lib/gcc/nios2-elf/4.9.2/mno-hw-mul/libgcc.a(floatsidf.o)
                              obj/default/main.o (__floatsidf)
/media/christoph/8A841458841448D9/space/altera_lite/15.1/nios2eds/bin/gnu/H-x86_64-pc-linux-gnu/bin/../lib/gcc/nios2-elf/4.9.2/mno-hw-mul/libgcc.a(_clzsi2.o)
                              /media/christoph/8A841458841448D9/space/altera_lite/15.1/nios2eds/bin/gnu/H-x86_64-pc-linux-gnu/bin/../lib/gcc/nios2-elf/4.9.2/mno-hw-mul/libgcc.a(divdf3.o) (__clzsi2)
/media/christoph/8A841458841448D9/space/altera_lite/15.1/nios2eds/bin/gnu/H-x86_64-pc-linux-gnu/bin/../lib/gcc/nios2-elf/4.9.2/mno-hw-mul/libgcc.a(lib2-divmod.o)
                              /media/christoph/8A841458841448D9/space/altera_lite/15.1/nios2eds/bin/gnu/H-x86_64-pc-linux-gnu/bin/../lib/gcc/nios2-elf/4.9.2/mno-hw-mul/libgcc.a(divdf3.o) (__udivsi3)
/media/christoph/8A841458841448D9/space/altera_lite/15.1/nios2eds/bin/gnu/H-x86_64-pc-linux-gnu/bin/../lib/gcc/nios2-elf/4.9.2/mno-hw-mul/libgcc.a(_clz.o)
                              /media/christoph/8A841458841448D9/space/altera_lite/15.1/nios2eds/bin/gnu/H-x86_64-pc-linux-gnu/bin/../lib/gcc/nios2-elf/4.9.2/mno-hw-mul/libgcc.a(_clzsi2.o) (__clz_tab)
/media/christoph/8A841458841448D9/space/altera_lite/15.1/nios2eds/bin/gnu/H-x86_64-pc-linux-gnu/bin/../lib/gcc/nios2-elf/4.9.2/../../../../../H-x86_64-pc-linux-gnu/nios2-elf/lib/mno-hw-mul/libc.a(lib_a-printf.o)
                              obj/default/main.o (printf)
/media/christoph/8A841458841448D9/space/altera_lite/15.1/nios2eds/bin/gnu/H-x86_64-pc-linux-gnu/bin/../lib/gcc/nios2-elf/4.9.2/../../../../../H-x86_64-pc-linux-gnu/nios2-elf/lib/mno-hw-mul/libc.a(lib_a-strncmp.o)
                              obj/default/gps.o (strncmp)
/media/christoph/8A841458841448D9/space/altera_lite/15.1/nios2eds/bin/gnu/H-x86_64-pc-linux-gnu/bin/../lib/gcc/nios2-elf/4.9.2/../../../../../H-x86_64-pc-linux-gnu/nios2-elf/lib/mno-hw-mul/libc.a(lib_a-strncpy.o)
                              obj/default/gps.o (strncpy)
/media/christoph/8A841458841448D9/space/altera_lite/15.1/nios2eds/bin/gnu/H-x86_64-pc-linux-gnu/bin/../lib/gcc/nios2-elf/4.9.2/../../../../../H-x86_64-pc-linux-gnu/nios2-elf/lib/mno-hw-mul/libc.a(lib_a-vfprintf.o)
                              /media/christoph/8A841458841448D9/space/altera_lite/15.1/nios2eds/bin/gnu/H-x86_64-pc-linux-gnu/bin/../lib/gcc/nios2-elf/4.9.2/../../../../../H-x86_64-pc-linux-gnu/nios2-elf/lib/mno-hw-mul/libc.a(lib_a-printf.o) (___vfprintf_internal_r)
[...]
Memory Configuration

Name             Origin             Length             Attributes
sdram_BEFORE_EXCEPTION 0x0000000000000000 0x0000000000000020
sdram            0x0000000000000020 0x0000000001ffffe0
onchip_memory2_0 0x0000000002004000 0x0000000000004000
reset            0x0000000002009000 0x0000000000000020
epcs_flash_controller_0 0x0000000002009020 0x00000000000007e0
*default*        0x0000000000000000 0xffffffffffffffff

Linker script and memory map

LOAD ../Autonomous_Car_OS_bsp//obj/HAL/src/crt0.o
LOAD obj/default/communication.o
LOAD obj/default/gps.o
LOAD obj/default/main.o
LOAD obj/default/motor.o
LOAD obj/default/uart.o
LOAD obj/default/ultrasound.o
LOAD /media/christoph/8A841458841448D9/space/altera_lite/15.1/nios2eds/bin/gnu/H-x86_64-pc-linux-gnu/bin/../lib/gcc/nios2-elf/4.9.2/../../../../../H-x86_64-pc-linux-gnu/nios2-elf/lib/mno-hw-mul/libstdc++.a
LOAD /media/christoph/8A841458841448D9/space/altera_lite/15.1/nios2eds/bin/gnu/H-x86_64-pc-linux-gnu/bin/../lib/gcc/nios2-elf/4.9.2/../../../../../H-x86_64-pc-linux-gnu/nios2-elf/lib/mno-hw-mul/libm.a
LOAD /media/christoph/8A841458841448D9/space/altera_lite/15.1/nios2eds/bin/gnu/H-x86_64-pc-linux-gnu/bin/../lib/gcc/nios2-elf/4.9.2/mno-hw-mul/libgcc.a
START GROUP
LOAD /media/christoph/8A841458841448D9/space/altera_lite/15.1/nios2eds/bin/gnu/H-x86_64-pc-linux-gnu/bin/../lib/gcc/nios2-elf/4.9.2/../../../../../H-x86_64-pc-linux-gnu/nios2-elf/lib/mno-hw-mul/libc.a
LOAD /media/christoph/8A841458841448D9/space/altera_lite/15.1/nios2eds/bin/gnu/H-x86_64-pc-linux-gnu/bin/../lib/gcc/nios2-elf/4.9.2/mno-hw-mul/libgcc.a
LOAD ../Autonomous_Car_OS_bsp//libucosii_bsp.a
LOAD /media/christoph/8A841458841448D9/space/altera_lite/15.1/nios2eds/bin/gnu/H-x86_64-pc-linux-gnu/bin/../lib/gcc/nios2-elf/4.9.2/../../../../../H-x86_64-pc-linux-gnu/nios2-elf/lib/mno-hw-mul/libm.a
END GROUP
LOAD /media/christoph/8A841458841448D9/space/altera_lite/15.1/nios2eds/bin/gnu/H-x86_64-pc-linux-gnu/bin/../lib/gcc/nios2-elf/4.9.2/mno-hw-mul/libgcc.a
                0x0000000000000000                __alt_mem_sdram = 0x0
                0x0000000002004000                __alt_mem_onchip_memory2_0 = 0x2004000
                0x0000000002009000                __alt_mem_epcs_flash_controller_0 = 0x2009000

.entry          0x0000000002009000        0x0
 *(.entry)
 .entry         0x0000000002009000        0x0 ../Autonomous_Car_OS_bsp//obj/HAL/src/crt0.o
                0x0000000002009000                __reset

.exceptions     0x0000000000000020      0x19c
                0x0000000000000020                PROVIDE (__ram_exceptions_start, ABSOLUTE (.))
                0x0000000000000020                . = ALIGN (0x20)
 *(.irq)
 *(.exceptions.entry.label)
 .exceptions.entry.label
                0x0000000000000020        0x0 ../Autonomous_Car_OS_bsp//libucosii_bsp.a(alt_irq_entry.o)
                0x0000000000000020                alt_irq_entry
 .exceptions.entry.label
                0x0000000000000020        0x0 ../Autonomous_Car_OS_bsp//libucosii_bsp.a(alt_exception_entry.o)
                0x0000000000000020                alt_exception
 *(.exceptions.entry.user)
 *(.exceptions.entry.ecc_fatal)
 *(.exceptions.entry)
 .exceptions.entry
                0x0000000000000020       0x54 ../Autonomous_Car_OS_bsp//libucosii_bsp.a(alt_exception_entry.o)
 *(.exceptions.irqtest.user)
 *(.exceptions.irqtest)
 .exceptions.irqtest
                0x0000000000000074       0x10 ../Autonomous_Car_OS_bsp//libucosii_bsp.a(alt_irq_entry.o)
 *(.exceptions.irqhandler.user)
 *(.exceptions.irqhandler)
 .exceptions.irqhandler
                0x0000000000000084        0x4 ../Autonomous_Car_OS_bsp//libucosii_bsp.a(alt_irq_entry.o)
 *(.exceptions.irqreturn.user)
 *(.exceptions.irqreturn)
 .exceptions.irqreturn
                0x0000000000000088        0x4 ../Autonomous_Car_OS_bsp//libucosii_bsp.a(alt_irq_entry.o)
 *(.exceptions.notirq.label)
 .exceptions.notirq.label
                0x000000000000008c        0x0 ../Autonomous_Car_OS_bsp//libucosii_bsp.a(alt_irq_entry.o)
 *(.exceptions.notirq.user)
 *(.exceptions.notirq)
 .exceptions.notirq
                0x000000000000008c        0x8 ../Autonomous_Car_OS_bsp//libucosii_bsp.a(alt_exception_entry.o)
 *(.exceptions.soft.user)
 *(.exceptions.soft)
 *(.exceptions.unknown.user)
 *(.exceptions.unknown)
 .exceptions.unknown
                0x0000000000000094        0x4 ../Autonomous_Car_OS_bsp//libucosii_bsp.a(alt_exception_entry.o)
 *(.exceptions.exit.label)
 .exceptions.exit.label
                0x0000000000000098        0x0 ../Autonomous_Car_OS_bsp//libucosii_bsp.a(alt_irq_entry.o)
 .exceptions.exit.label
                0x0000000000000098        0x0 ../Autonomous_Car_OS_bsp//libucosii_bsp.a(alt_exception_entry.o)
 *(.exceptions.exit.user)
 *(.exceptions.exit)
 .exceptions.exit
                0x0000000000000098       0x54 ../Autonomous_Car_OS_bsp//libucosii_bsp.a(alt_exception_entry.o)
 *(.exceptions)
 .exceptions    0x00000000000000ec       0xd0 ../Autonomous_Car_OS_bsp//libucosii_bsp.a(alt_irq_handler.o)
                0x00000000000000ec                alt_irq_handler
                0x00000000000001bc                PROVIDE (__ram_exceptions_end, ABSOLUTE (.))
                0x0000000000000020                PROVIDE (__flash_exceptions_start, LOADADDR (.exceptions))

.text           0x00000000000001bc    0x1a8b0
                0x00000000000001bc                PROVIDE (stext, ABSOLUTE (.))
 *(.interp)
 *(.hash)
 *(.dynsym)
 *(.dynstr)
 *(.gnu.version)
 *(.gnu.version_d)
 *(.gnu.version_r)
 *(.rel.init)
 *(.rela.init)
 *(.rel.text .rel.text.* .rel.gnu.linkonce.t.*)
 *(.rela.text .rela.text.* .rela.gnu.linkonce.t.*)
 *(.rel.fini)
 *(.rela.fini)
 *(.rel.rodata .rel.rodata.* .rel.gnu.linkonce.r.*)
 *(.rela.rodata .rela.rodata.* .rela.gnu.linkonce.r.*)
 *(.rel.data .rel.data.* .rel.gnu.linkonce.d.*)
 *(.rela.data .rela.data.* .rela.gnu.linkonce.d.*)
 *(.rel.tdata .rel.tdata.* .rel.gnu.linkonce.td.*)
 *(.rela.tdata .rela.tdata.* .rela.gnu.linkonce.td.*)
 *(.rel.tbss .rel.tbss.* .rel.gnu.linkonce.tb.*)
 *(.rela.tbss .rela.tbss.* .rela.gnu.linkonce.tb.*)
 *(.rel.ctors)
 *(.rela.ctors)
 *(.rel.dtors)
 *(.rela.dtors)
 *(.rel.got)
 *(.rela.got)
 *(.rel.sdata .rel.sdata.* .rel.gnu.linkonce.s.*)
 *(.rela.sdata .rela.sdata.* .rela.gnu.linkonce.s.*)
 *(.rel.sbss .rel.sbss.* .rel.gnu.linkonce.sb.*)
 *(.rela.sbss .rela.sbss.* .rela.gnu.linkonce.sb.*)
 *(.rel.sdata2 .rel.sdata2.* .rel.gnu.linkonce.s2.*)
 *(.rela.sdata2 .rela.sdata2.* .rela.gnu.linkonce.s2.*)
 *(.rel.sbss2 .rel.sbss2.* .rel.gnu.linkonce.sb2.*)
 *(.rela.sbss2 .rela.sbss2.* .rela.gnu.linkonce.sb2.*)
 *(.rel.bss .rel.bss.* .rel.gnu.linkonce.b.*)
 *(.rela.bss .rela.bss.* .rela.gnu.linkonce.b.*)
 *(.rel.plt)
 *(.rela.plt)
 *(.rel.dyn)
 *(.init)
 *(.plt)
 *(.text .stub .text.* .gnu.linkonce.t.*)
 .text          0x00000000000001bc       0x38 ../Autonomous_Car_OS_bsp//obj/HAL/src/crt0.o
                0x00000000000001bc                _start
 .text          0x00000000000001f4       0xa4 obj/default/communication.o
                0x00000000000001f4                communication_init
                0x0000000000000228                sendToBoard
                0x0000000000000268                receiveFromBoard
 .text          0x0000000000000298      0x4d8 obj/default/gps.o
                0x0000000000000298                gps_init
                0x00000000000002cc                GPS
                0x0000000000000588                dataValid
                0x00000000000006b4                char_to_int
 .text          0x0000000000000770      0x368 obj/default/main.o
                0x0000000000000770                task1
                0x0000000000000908                task2
                0x0000000000000934                task3
                0x0000000000000960                nUART_ISR
                0x00000000000009a4                main
 .text          0x0000000000000ad8      0x444 obj/default/motor.o
                0x0000000000000ad8                servo_setting
                0x0000000000000b94                motor_setting
                0x0000000000000c50                setSpeedPerc
                0x0000000000000da0                setSteeringPerc
                0x0000000000000eb4                setSteering
 .text          0x0000000000000f1c      0x1b4 obj/default/uart.o
                0x0000000000000f1c                uart_init
                0x0000000000000f68                uart_send_byte
                0x0000000000000fd4                uart_receive_byte
                0x0000000000001034                uart_send_string
 .text          0x00000000000010d0      0x158 obj/default/ultrasound.o
                0x00000000000010d0                ultrasound_init
                0x0000000000001114                ultrasound_read
 .text          0x0000000000001228       0x74 /media/christoph/8A841458841448D9/space/altera_lite/15.1/nios2eds/bin/gnu/H-x86_64-pc-linux-gnu/bin/../lib/gcc/nios2-elf/4.9.2/mno-hw-mul/libgcc.a(_fixunsdfsi.o)
                0x0000000000001228                __fixunsdfsi
 .text          0x000000000000129c       0x28 /media/christoph/8A841458841448D9/space/altera_lite/15.1/nios2eds/bin/gnu/H-x86_64-pc-linux-gnu/bin/../lib/gcc/nios2-elf/4.9.2/mno-hw-mul/libgcc.a(lib2-mul.o)
                0x000000000000129c                __mulsi3
 .text          0x00000000000012c4      0x980 /media/christoph/8A841458841448D9/space/altera_lite/15.1/nios2eds/bin/gnu/H-x86_64-pc-linux-gnu/bin/../lib/gcc/nios2-elf/4.9.2/mno-hw-mul/libgcc.a(divdf3.o)
                0x00000000000012c4                __divdf3
 .text          0x0000000000001c44       0xe0 /media/christoph/8A841458841448D9/space/altera_lite/15.1/nios2eds/bin/gnu/H-x86_64-pc-linux-gnu/bin/../lib/gcc/nios2-elf/4.9.2/mno-hw-mul/libgcc.a(gedf2.o)
                0x0000000000001c44                __gtdf2
                0x0000000000001c44                __gedf2
 .text          0x0000000000001d24       0xe0 /media/christoph/8A841458841448D9/space/altera_lite/15.1/nios2eds/bin/gnu/H-x86_64-pc-linux-gnu/bin/../lib/gcc/nios2-elf/4.9.2/mno-hw-mul/libgcc.a(ledf2.o)
                0x0000000000001d24                __ltdf2
                0x0000000000001d24                __ledf2
 .text          0x0000000000001e04      0x86c /media/christoph/8A841458841448D9/space/altera_lite/15.1/nios2eds/bin/gnu/H-x86_64-pc-linux-gnu/bin/../lib/gcc/nios2-elf/4.9.2/mno-hw-mul/libgcc.a(muldf3.o)
                0x0000000000001e04                __muldf3
 .text          0x0000000000002670      0x8d0 /media/christoph/8A841458841448D9/space/altera_lite/15.1/nios2eds/bin/gnu/H-x86_64-pc-linux-gnu/bin/../lib/gcc/nios2-elf/4.9.2/mno-hw-mul/libgcc.a(subdf3.o)
                0x0000000000002670                __subdf3
 .text          0x0000000000002f40       0x88 /media/christoph/8A841458841448D9/space/altera_lite/15.1/nios2eds/bin/gnu/H-x86_64-pc-linux-gnu/bin/../lib/gcc/nios2-elf/4.9.2/mno-hw-mul/libgcc.a(fixdfsi.o)
                0x0000000000002f40                __fixdfsi
 .text          0x0000000000002fc8       0xd0 /media/christoph/8A841458841448D9/space/altera_lite/15.1/nios2eds/bin/gnu/H-x86_64-pc-linux-gnu/bin/../lib/gcc/nios2-elf/4.9.2/mno-hw-mul/libgcc.a(floatsidf.o)
                0x0000000000002fc8                __floatsidf
 .text          0x0000000000003098       0x64 /media/christoph/8A841458841448D9/space/altera_lite/15.1/nios2eds/bin/gnu/H-x86_64-pc-linux-gnu/bin/../lib/gcc/nios2-elf/4.9.2/mno-hw-mul/libgcc.a(_clzsi2.o)
                0x0000000000003098                __clzsi2
 .text          0x00000000000030fc      0x12c /media/christoph/8A841458841448D9/space/altera_lite/15.1/nios2eds/bin/gnu/H-x86_64-pc-linux-gnu/bin/../lib/gcc/nios2-elf/4.9.2/mno-hw-mul/libgcc.a(lib2-divmod.o)
                0x0000000000003168                __divsi3
                0x00000000000031bc                __modsi3
                0x0000000000003218                __udivsi3
                0x0000000000003220                __umodsi3
 .text          0x0000000000003228        0x0 /media/christoph/8A841458841448D9/space/altera_lite/15.1/nios2eds/bin/gnu/H-x86_64-pc-linux-gnu/bin/../lib/gcc/nios2-elf/4.9.2/mno-hw-mul/libgcc.a(_clz.o)
 .text          0x0000000000003228        0x0 /media/christoph/8A841458841448D9/space/altera_lite/15.1/nios2eds/bin/gnu/H-x86_64-pc-linux-gnu/bin/../lib/gcc/nios2-elf/4.9.2/../../../../../H-x86_64-pc-linux-gnu/nios2-elf/lib/mno-hw-mul/libc.a(lib_a-printf.o)
 .text._printf_r
                0x0000000000003228       0x2c /media/christoph/8A841458841448D9/space/altera_lite/15.1/nios2eds/bin/gnu/H-x86_64-pc-linux-gnu/bin/../lib/gcc/nios2-elf/4.9.2/../../../../../H-x86_64-pc-linux-gnu/nios2-elf/lib/mno-hw-mul/libc.a(lib_a-printf.o)
                0x0000000000003228                _printf_r
 .text.printf   0x0000000000003254       0x3c /media/christoph/8A841458841448D9/space/altera_lite/15.1/nios2eds/bin/gnu/H-x86_64-pc-linux-gnu/bin/../lib/gcc/nios2-elf/4.9.2/../../../../../H-x86_64-pc-linux-gnu/nios2-elf/lib/mno-hw-mul/libc.a(lib_a-printf.o)
                0x0000000000003254                printf
 .text          0x0000000000003290        0x0 /media/christoph/8A841458841448D9/space/altera_lite/15.1/nios2eds/bin/gnu/H-x86_64-pc-linux-gnu/bin/../lib/gcc/nios2-elf/4.9.2/../../../../../H-x86_64-pc-linux-gnu/nios2-elf/lib/mno-hw-mul/libc.a(lib_a-strncmp.o)
 .text.strncmp  0x0000000000003290       0xc0 /media/christoph/8A841458841448D9/space/altera_lite/15.1/nios2eds/bin/gnu/H-x86_64-pc-linux-gnu/bin/../lib/gcc/nios2-elf/4.9.2/../../../../../H-x86_64-pc-linux-gnu/nios2-elf/lib/mno-hw-mul/libc.a(lib_a-strncmp.o)
                0x0000000000003290                strncmp
 .text          0x0000000000003350        0x0 /media/christoph/8A841458841448D9/space/altera_lite/15.1/nios2eds/bin/gnu/H-x86_64-pc-linux-gnu/bin/../lib/gcc/nios2-elf/4.9.2/../../../../../H-x86_64-pc-linux-gnu/nios2-elf/lib/mno-hw-mul/libc.a(lib_a-strncpy.o)
 .text.strncpy  0x0000000000003350       0xec /media/christoph/8A841458841448D9/space/altera_lite/15.1/nios2eds/bin/gnu/H-x86_64-pc-linux-gnu/bin/../lib/gcc/nios2-elf/4.9.2/../../../../../H-x86_64-pc-linux-gnu/nios2-elf/lib/mno-hw-mul/libc.a(lib_a-strncpy.o)
                0x0000000000003350                strncpy
 .text          0x000000000000343c        0x0 /media/christoph/8A841458841448D9/space/altera_lite/15.1/nios2eds/bin/gnu/H-x86_64-pc-linux-gnu/bin/../lib/gcc/nios2-elf/4.9.2/../../../../../H-x86_64-pc-linux-gnu/nios2-elf/lib/mno-hw-mul/libc.a(lib_a-vfprintf.o)
 .text.___vfprintf_internal_r
                0x000000000000343c     0x2058 /media/christoph/8A841458841448D9/space/altera_lite/15.1/nios2eds/bin/gnu/H-x86_64-pc-linux-gnu/bin/../lib/gcc/nios2-elf/4.9.2/../../../../../H-x86_64-pc-linux-gnu/nios2-elf/lib/mno-hw-mul/libc.a(lib_a-vfprintf.o)
                0x000000000000343c                ___vfprintf_internal_r
 .text.__vfprintf_internal
                0x0000000000005494       0x24 /media/christoph/8A841458841448D9/space/altera_lite/15.1/nios2eds/bin/gnu/H-x86_64-pc-linux-gnu/bin/../lib/gcc/nios2-elf/4.9.2/../../../../../H-x86_64-pc-linux-gnu/nios2-elf/lib/mno-hw-mul/libc.a(lib_a-vfprintf.o)
                0x0000000000005494                __vfprintf_internal
 .text.__sbprintf
                0x00000000000054b8       0xbc /media/christoph/8A841458841448D9/space/altera_lite/15.1/nios2eds/bin/gnu/H-x86_64-pc-linux-gnu/bin/../lib/gcc/nios2-elf/4.9.2/../../../../../H-x86_64-pc-linux-gnu/nios2-elf/lib/mno-hw-mul/libc.a(lib_a-vfprintf.o)
 .text          0x0000000000005574        0x0 /media/christoph/8A841458841448D9/space/altera_lite/15.1/nios2eds/bin/gnu/H-x86_64-pc-linux-gnu/bin/../lib/gcc/nios2-elf/4.9.2/../../../../../H-x86_64-pc-linux-gnu/nios2-elf/lib/mno-hw-mul/libc.a(lib_a-wsetup.o)
 .text.__swsetup_r
                0x0000000000005574      0x154 /media/christoph/8A841458841448D9/space/altera_lite/15.1/nios2eds/bin/gnu/H-x86_64-pc-linux-gnu/bin/../lib/gcc/nios2-elf/4.9.2/../../../../../H-x86_64-pc-linux-gnu/nios2-elf/lib/mno-hw-mul/libc.a(lib_a-wsetup.o)
                0x0000000000005574                __swsetup_r
 .text          0x00000000000056c8        0x0 /media/christoph/8A841458841448D9/space/altera_lite/15.1/nios2eds/bin/gnu/H-x86_64-pc-linux-gnu/bin/../lib/gcc/nios2-elf/4.9.2/../../../../../H-x86_64-pc-linux-gnu/nios2-elf/lib/mno-hw-mul/libc.a(lib_a-dtoa.o)
 .text.quorem   0x00000000000056c8      0x228 /media/christoph/8A841458841448D9/space/altera_lite/15.1/nios2eds/bin/gnu/H-x86_64-pc-linux-gnu/bin/../lib/gcc/nios2-elf/4.9.2/../../../../../H-x86_64-pc-linux-gnu/nios2-elf/lib/mno-hw-mul/libc.a(lib_a-dtoa.o)
 .text._dtoa_r  0x00000000000058f0     0x1728 /media/christoph/8A841458841448D9/space/altera_lite/15.1/nios2eds/bin/gnu/H-x86_64-pc-linux-gnu/bin/../lib/gcc/nios2-elf/4.9.2/../../../../../H-x86_64-pc-linux-gnu/nios2-elf/lib/mno-hw-mul/libc.a(lib_a-dtoa.o)
                0x00000000000058f0                _dtoa_r
 .text          0x0000000000007018        0x0 /media/christoph/8A841458841448D9/space/altera_lite/15.1/nios2eds/bin/gnu/H-x86_64-pc-linux-gnu/bin/../lib/gcc/nios2-elf/4.9.2/../../../../../H-x86_64-pc-linux-gnu/nios2-elf/lib/mno-hw-mul/libc.a(lib_a-fflush.o)
 .text.__sflush_r
                0x0000000000007018      0x208 /media/christoph/8A841458841448D9/space/altera_lite/15.1/nios2eds/bin/gnu/H-x86_64-pc-linux-gnu/bin/../lib/gcc/nios2-elf/4.9.2/../../../../../H-x86_64-pc-linux-gnu/nios2-elf/lib/mno-hw-mul/libc.a(lib_a-fflush.o)
                0x0000000000007018                __sflush_r
 .text._fflush_r
                0x0000000000007220       0x5c /media/christoph/8A841458841448D9/space/altera_lite/15.1/nios2eds/bin/gnu/H-x86_64-pc-linux-gnu/bin/../lib/gcc/nios2-elf/4.9.2/../../../../../H-x86_64-pc-linux-gnu/nios2-elf/lib/mno-hw-mul/libc.a(lib_a-fflush.o)
                0x0000000000007220                _fflush_r
 .text.fflush   0x000000000000727c       0x30 /media/christoph/8A841458841448D9/space/altera_lite/15.1/nios2eds/bin/gnu/H-x86_64-pc-linux-gnu/bin/../lib/gcc/nios2-elf/4.9.2/../../../../../H-x86_64-pc-linux-gnu/nios2-elf/lib/mno-hw-mul/libc.a(lib_a-fflush.o)
                0x000000000000727c                fflush
 .text          0x00000000000072ac        0x0 /media/christoph/8A841458841448D9/space/altera_lite/15.1/nios2eds/bin/gnu/H-x86_64-pc-linux-gnu/bin/../lib/gcc/nios2-elf/4.9.2/../../../../../H-x86_64-pc-linux-gnu/nios2-elf/lib/mno-hw-mul/libc.a(lib_a-findfp.o)
 .text.__fp_lock
                0x00000000000072ac        0x8 /media/christoph/8A841458841448D9/space/altera_lite/15.1/nios2eds/bin/gnu/H-x86_64-pc-linux-gnu/bin/../lib/gcc/nios2-elf/4.9.2/../../../../../H-x86_64-pc-linux-gnu/nios2-elf/lib/mno-hw-mul/libc.a(lib_a-findfp.o)
 .text.__fp_unlock
                0x00000000000072b4        0x8 /media/christoph/8A841458841448D9/space/altera_lite/15.1/nios2eds/bin/gnu/H-x86_64-pc-linux-gnu/bin/../lib/gcc/nios2-elf/4.9.2/../../../../../H-x86_64-pc-linux-gnu/nios2-elf/lib/mno-hw-mul/libc.a(lib_a-findfp.o)
 .text._cleanup_r
                0x00000000000072bc        0xc /media/christoph/8A841458841448D9/space/altera_lite/15.1/nios2eds/bin/gnu/H-x86_64-pc-linux-gnu/bin/../lib/gcc/nios2-elf/4.9.2/../../../../../H-x86_64-pc-linux-gnu/nios2-elf/lib/mno-hw-mul/libc.a(lib_a-findfp.o)
                0x00000000000072bc                _cleanup_r
 .text.__sinit.part.1
                0x00000000000072c8      0x19c /media/christoph/8A841458841448D9/space/altera_lite/15.1/nios2eds/bin/gnu/H-x86_64-pc-linux-gnu/bin/../lib/gcc/nios2-elf/4.9.2/../../../../../H-x86_64-pc-linux-gnu/nios2-elf/lib/mno-hw-mul/libc.a(lib_a-findfp.o)
 .text.__sfmoreglue
                0x0000000000007464       0x78 /media/christoph/8A841458841448D9/space/altera_lite/15.1/nios2eds/bin/gnu/H-x86_64-pc-linux-gnu/bin/../lib/gcc/nios2-elf/4.9.2/../../../../../H-x86_64-pc-linux-gnu/nios2-elf/lib/mno-hw-mul/libc.a(lib_a-findfp.o)
                0x0000000000007464                __sfmoreglue
 .text.__sfp    0x00000000000074dc      0x118 /media/christoph/8A841458841448D9/space/altera_lite/15.1/nios2eds/bin/gnu/H-x86_64-pc-linux-gnu/bin/../lib/gcc/nios2-elf/4.9.2/../../../../../H-x86_64-pc-linux-gnu/nios2-elf/lib/mno-hw-mul/libc.a(lib_a-findfp.o)
                0x00000000000074dc                __sfp
 .text._cleanup
                0x00000000000075f4       0x18 /media/christoph/8A841458841448D9/space/altera_lite/15.1/nios2eds/bin/gnu/H-x86_64-pc-linux-gnu/bin/../lib/gcc/nios2-elf/4.9.2/../../../../../H-x86_64-pc-linux-gnu/nios2-elf/lib/mno-hw-mul/libc.a(lib_a-findfp.o)
                0x00000000000075f4                _cleanup
 .text.__sinit  0x000000000000760c       0x10 /media/christoph/8A841458841448D9/space/altera_lite/15.1/nios2eds/bin/gnu/H-x86_64-pc-linux-gnu/bin/../lib/gcc/nios2-elf/4.9.2/../../../../../H-x86_64-pc-linux-gnu/nios2-elf/lib/mno-hw-mul/libc.a(lib_a-findfp.o)
                0x000000000000760c                __sinit
 .text.__sfp_lock_acquire
                0x000000000000761c        0x4 /media/christoph/8A841458841448D9/space/altera_lite/15.1/nios2eds/bin/gnu/H-x86_64-pc-linux-gnu/bin/../lib/gcc/nios2-elf/4.9.2/../../../../../H-x86_64-pc-linux-gnu/nios2-elf/lib/mno-hw-mul/libc.a(lib_a-findfp.o)
                0x000000000000761c                __sfp_lock_acquire
 .text.__sfp_lock_release
                0x0000000000007620        0x4 /media/christoph/8A841458841448D9/space/altera_lite/15.1/nios2eds/bin/gnu/H-x86_64-pc-linux-gnu/bin/../lib/gcc/nios2-elf/4.9.2/../../../../../H-x86_64-pc-linux-gnu/nios2-elf/lib/mno-hw-mul/libc.a(lib_a-findfp.o)
                0x0000000000007620                __sfp_lock_release
 .text.__sinit_lock_acquire
                0x0000000000007624        0x4 /media/christoph/8A841458841448D9/space/altera_lite/15.1/nios2eds/bin/gnu/H-x86_64-pc-linux-gnu/bin/../lib/gcc/nios2-elf/4.9.2/../../../../../H-x86_64-pc-linux-gnu/nios2-elf/lib/mno-hw-mul/libc.a(lib_a-findfp.o)
                0x0000000000007624                __sinit_lock_acquire
 .text.__sinit_lock_release
                0x0000000000007628        0x4 /media/christoph/8A841458841448D9/space/altera_lite/15.1/nios2eds/bin/gnu/H-x86_64-pc-linux-gnu/bin/../lib/gcc/nios2-elf/4.9.2/../../../../../H-x86_64-pc-linux-gnu/nios2-elf/lib/mno-hw-mul/libc.a(lib_a-findfp.o)
                0x0000000000007628                __sinit_lock_release
 .text.__fp_lock_all
                0x000000000000762c       0x18 /media/christoph/8A841458841448D9/space/altera_lite/15.1/nios2eds/bin/gnu/H-x86_64-pc-linux-gnu/bin/../lib/gcc/nios2-elf/4.9.2/../../../../../H-x86_64-pc-linux-gnu/nios2-elf/lib/mno-hw-mul/libc.a(lib_a-findfp.o)
                0x000000000000762c                __fp_lock_all
 .text.__fp_unlock_all
                0x0000000000007644       0x18 /media/christoph/8A841458841448D9/space/altera_lite/15.1/nios2eds/bin/gnu/H-x86_64-pc-linux-gnu/bin/../lib/gcc/nios2-elf/4.9.2/../../../../../H-x86_64-pc-linux-gnu/nios2-elf/lib/mno-hw-mul/libc.a(lib_a-findfp.o)
                0x0000000000007644                __fp_unlock_all
 .text          0x000000000000765c        0x0 /media/christoph/8A841458841448D9/space/altera_lite/15.1/nios2eds/bin/gnu/H-x86_64-pc-linux-gnu/bin/../lib/gcc/nios2-elf/4.9.2/../../../../../H-x86_64-pc-linux-gnu/nios2-elf/lib/mno-hw-mul/libc.a(lib_a-freer.o)
 .text._malloc_trim_r
                0x000000000000765c      0x124 /media/christoph/8A841458841448D9/space/altera_lite/15.1/nios2eds/bin/gnu/H-x86_64-pc-linux-gnu/bin/../lib/gcc/nios2-elf/4.9.2/../../../../../H-x86_64-pc-linux-gnu/nios2-elf/lib/mno-hw-mul/libc.a(lib_a-freer.o)
                0x000000000000765c                _malloc_trim_r
 .text._free_r  0x0000000000007780      0x2f0 /media/christoph/8A841458841448D9/space/altera_lite/15.1/nios2eds/bin/gnu/H-x86_64-pc-linux-gnu/bin/../lib/gcc/nios2-elf/4.9.2/../../../../../H-x86_64-pc-linux-gnu/nios2-elf/lib/mno-hw-mul/libc.a(lib_a-freer.o)
                0x0000000000007780                _free_r
 .text          0x0000000000007a70        0x0 /media/christoph/8A841458841448D9/space/altera_lite/15.1/nios2eds/bin/gnu/H-x86_64-pc-linux-gnu/bin/../lib/gcc/nios2-elf/4.9.2/../../../../../H-x86_64-pc-linux-gnu/nios2-elf/lib/mno-hw-mul/libc.a(lib_a-fwalk.o)
 .text._fwalk   0x0000000000007a70       0xc4 /media/christoph/8A841458841448D9/space/altera_lite/15.1/nios2eds/bin/gnu/H-x86_64-pc-linux-gnu/bin/../lib/gcc/nios2-elf/4.9.2/../../../../../H-x86_64-pc-linux-gnu/nios2-elf/lib/mno-hw-mul/libc.a(lib_a-fwalk.o)
                0x0000000000007a70                _fwalk
 .text._fwalk_reent
                0x0000000000007b34       0xc4 /media/christoph/8A841458841448D9/space/altera_lite/15.1/nios2eds/bin/gnu/H-x86_64-pc-linux-gnu/bin/../lib/gcc/nios2-elf/4.9.2/../../../../../H-x86_64-pc-linux-gnu/nios2-elf/lib/mno-hw-mul/libc.a(lib_a-fwalk.o)
                0x0000000000007b34                _fwalk_reent
 .text          0x0000000000007bf8        0x0 /media/christoph/8A841458841448D9/space/altera_lite/15.1/nios2eds/bin/gnu/H-x86_64-pc-linux-gnu/bin/../lib/gcc/nios2-elf/4.9.2/../../../../../H-x86_64-pc-linux-gnu/nios2-elf/lib/mno-hw-mul/libc.a(lib_a-impure.o)
 .text          0x0000000000007bf8        0x0 /media/christoph/8A841458841448D9/space/altera_lite/15.1/nios2eds/bin/gnu/H-x86_64-pc-linux-gnu/bin/../lib/gcc/nios2-elf/4.9.2/../../../../../H-x86_64-pc-linux-gnu/nios2-elf/lib/mno-hw-mul/libc.a(lib_a-locale.o)
 .text._setlocale_r
                0x0000000000007bf8       0x7c /media/christoph/8A841458841448D9/space/altera_lite/15.1/nios2eds/bin/gnu/H-x86_64-pc-linux-gnu/bin/../lib/gcc/nios2-elf/4.9.2/../../../../../H-x86_64-pc-linux-gnu/nios2-elf/lib/mno-hw-mul/libc.a(lib_a-locale.o)
                0x0000000000007bf8                _setlocale_r
 .text.__locale_charset
                0x0000000000007c74        0xc /media/christoph/8A841458841448D9/space/altera_lite/15.1/nios2eds/bin/gnu/H-x86_64-pc-linux-gnu/bin/../lib/gcc/nios2-elf/4.9.2/../../../../../H-x86_64-pc-linux-gnu/nios2-elf/lib/mno-hw-mul/libc.a(lib_a-locale.o)
                0x0000000000007c74                __locale_charset
 .text.__locale_mb_cur_max
                0x0000000000007c80       0x10 /media/christoph/8A841458841448D9/space/altera_lite/15.1/nios2eds/bin/gnu/H-x86_64-pc-linux-gnu/bin/../lib/gcc/nios2-elf/4.9.2/../../../../../H-x86_64-pc-linux-gnu/nios2-elf/lib/mno-hw-mul/libc.a(lib_a-locale.o)
                0x0000000000007c80                __locale_mb_cur_max
 .text.__locale_msgcharset
                0x0000000000007c90        0xc /media/christoph/8A841458841448D9/space/altera_lite/15.1/nios2eds/bin/gnu/H-x86_64-pc-linux-gnu/bin/../lib/gcc/nios2-elf/4.9.2/../../../../../H-x86_64-pc-linux-gnu/nios2-elf/lib/mno-hw-mul/libc.a(lib_a-locale.o)
                0x0000000000007c90                __locale_msgcharset
 .text.__locale_cjk_lang
                0x0000000000007c9c        0x8 /media/christoph/8A841458841448D9/space/altera_lite/15.1/nios2eds/bin/gnu/H-x86_64-pc-linux-gnu/bin/../lib/gcc/nios2-elf/4.9.2/../../../../../H-x86_64-pc-linux-gnu/nios2-elf/lib/mno-hw-mul/libc.a(lib_a-locale.o)
                0x0000000000007c9c                __locale_cjk_lang
 .text._localeconv_r
                0x0000000000007ca4        0xc /media/christoph/8A841458841448D9/space/altera_lite/15.1/nios2eds/bin/gnu/H-x86_64-pc-linux-gnu/bin/../lib/gcc/nios2-elf/4.9.2/../../../../../H-x86_64-pc-linux-gnu/nios2-elf/lib/mno-hw-mul/libc.a(lib_a-locale.o)
                0x0000000000007ca4                _localeconv_r
 .text.setlocale
                0x0000000000007cb0       0x1c /media/christoph/8A841458841448D9/space/altera_lite/15.1/nios2eds/bin/gnu/H-x86_64-pc-linux-gnu/bin/../lib/gcc/nios2-elf/4.9.2/../../../../../H-x86_64-pc-linux-gnu/nios2-elf/lib/mno-hw-mul/libc.a(lib_a-locale.o)
                0x0000000000007cb0                setlocale
 .text.localeconv
                0x0000000000007ccc        0xc /media/christoph/8A841458841448D9/space/altera_lite/15.1/nios2eds/bin/gnu/H-x86_64-pc-linux-gnu/bin/../lib/gcc/nios2-elf/4.9.2/../../../../../H-x86_64-pc-linux-gnu/nios2-elf/lib/mno-hw-mul/libc.a(lib_a-locale.o)
                0x0000000000007ccc                localeconv
 .text          0x0000000000007cd8        0x0 /media/christoph/8A841458841448D9/space/altera_lite/15.1/nios2eds/bin/gnu/H-x86_64-pc-linux-gnu/bin/../lib/gcc/nios2-elf/4.9.2/../../../../../H-x86_64-pc-linux-gnu/nios2-elf/lib/mno-hw-mul/libc.a(lib_a-makebuf.o)
 .text.__smakebuf_r
                0x0000000000007cd8      0x1b8 /media/christoph/8A841458841448D9/space/altera_lite/15.1/nios2eds/bin/gnu/H-x86_64-pc-linux-gnu/bin/../lib/gcc/nios2-elf/4.9.2/../../../../../H-x86_64-pc-linux-gnu/nios2-elf/lib/mno-hw-mul/libc.a(lib_a-makebuf.o)
                0x0000000000007cd8                __smakebuf_r
 .text          0x0000000000007e90        0x0 /media/christoph/8A841458841448D9/space/altera_lite/15.1/nios2eds/bin/gnu/H-x86_64-pc-linux-gnu/bin/../lib/gcc/nios2-elf/4.9.2/../../../../../H-x86_64-pc-linux-gnu/nios2-elf/lib/mno-hw-mul/libc.a(lib_a-mallocr.o)
 .text._malloc_r
                0x0000000000007e90      0x7a8 /media/christoph/8A841458841448D9/space/altera_lite/15.1/nios2eds/bin/gnu/H-x86_64-pc-linux-gnu/bin/../lib/gcc/nios2-elf/4.9.2/../../../../../H-x86_64-pc-linux-gnu/nios2-elf/lib/mno-hw-mul/libc.a(lib_a-mallocr.o)
                0x0000000000007e90                _malloc_r
 .text          0x0000000000008638        0x0 /media/christoph/8A841458841448D9/space/altera_lite/15.1/nios2eds/bin/gnu/H-x86_64-pc-linux-gnu/bin/../lib/gcc/nios2-elf/4.9.2/../../../../../H-x86_64-pc-linux-gnu/nios2-elf/lib/mno-hw-mul/libc.a(lib_a-memchr.o)
 .text.memchr   0x0000000000008638       0xe8 /media/christoph/8A841458841448D9/space/altera_lite/15.1/nios2eds/bin/gnu/H-x86_64-pc-linux-gnu/bin/../lib/gcc/nios2-elf/4.9.2/../../../../../H-x86_64-pc-linux-gnu/nios2-elf/lib/mno-hw-mul/libc.a(lib_a-memchr.o)
                0x0000000000008638                memchr
 .text          0x0000000000008720        0x0 /media/christoph/8A841458841448D9/space/altera_lite/15.1/nios2eds/bin/gnu/H-x86_64-pc-linux-gnu/bin/../lib/gcc/nios2-elf/4.9.2/../../../../../H-x86_64-pc-linux-gnu/nios2-elf/lib/mno-hw-mul/libc.a(lib_a-memcpy.o)
 .text.memcpy   0x0000000000008720      0x138 /media/christoph/8A841458841448D9/space/altera_lite/15.1/nios2eds/bin/gnu/H-x86_64-pc-linux-gnu/bin/../lib/gcc/nios2-elf/4.9.2/../../../../../H-x86_64-pc-linux-gnu/nios2-elf/lib/mno-hw-mul/libc.a(lib_a-memcpy.o)
                0x0000000000008720                memcpy
 .text          0x0000000000008858        0x0 /media/christoph/8A841458841448D9/space/altera_lite/15.1/nios2eds/bin/gnu/H-x86_64-pc-linux-gnu/bin/../lib/gcc/nios2-elf/4.9.2/../../../../../H-x86_64-pc-linux-gnu/nios2-elf/lib/mno-hw-mul/libc.a(lib_a-memset.o)
 .text.memset   0x0000000000008858      0x124 /media/christoph/8A841458841448D9/space/altera_lite/15.1/nios2eds/bin/gnu/H-x86_64-pc-linux-gnu/bin/../lib/gcc/nios2-elf/4.9.2/../../../../../H-x86_64-pc-linux-gnu/nios2-elf/lib/mno-hw-mul/libc.a(lib_a-memset.o)
                0x0000000000008858                memset
 .text          0x000000000000897c        0x0 /media/christoph/8A841458841448D9/space/altera_lite/15.1/nios2eds/bin/gnu/H-x86_64-pc-linux-gnu/bin/../lib/gcc/nios2-elf/4.9.2/../../../../../H-x86_64-pc-linux-gnu/nios2-elf/lib/mno-hw-mul/libc.a(lib_a-mprec.o)
 .text._Balloc  0x000000000000897c       0xa8 /media/christoph/8A841458841448D9/space/altera_lite/15.1/nios2eds/bin/gnu/H-x86_64-pc-linux-gnu/bin/../lib/gcc/nios2-elf/4.9.2/../../../../../H-x86_64-pc-linux-gnu/nios2-elf/lib/mno-hw-mul/libc.a(lib_a-mprec.o)
                0x000000000000897c                _Balloc
 .text._Bfree   0x0000000000008a24       0x28 /media/christoph/8A841458841448D9/space/altera_lite/15.1/nios2eds/bin/gnu/H-x86_64-pc-linux-gnu/bin/../lib/gcc/nios2-elf/4.9.2/../../../../../H-x86_64-pc-linux-gnu/nios2-elf/lib/mno-hw-mul/libc.a(lib_a-mprec.o)
                0x0000000000008a24                _Bfree
 .text.__multadd
                0x0000000000008a4c      0x148 /media/christoph/8A841458841448D9/space/altera_lite/15.1/nios2eds/bin/gnu/H-x86_64-pc-linux-gnu/bin/../lib/gcc/nios2-elf/4.9.2/../../../../../H-x86_64-pc-linux-gnu/nios2-elf/lib/mno-hw-mul/libc.a(lib_a-mprec.o)
                0x0000000000008a4c                __multadd
 .text.__s2b    0x0000000000008b94      0x104 /media/christoph/8A841458841448D9/space/altera_lite/15.1/nios2eds/bin/gnu/H-x86_64-pc-linux-gnu/bin/../lib/gcc/nios2-elf/4.9.2/../../../../../H-x86_64-pc-linux-gnu/nios2-elf/lib/mno-hw-mul/libc.a(lib_a-mprec.o)
                0x0000000000008b94                __s2b
 .text.__hi0bits
                0x0000000000008c98       0x68 /media/christoph/8A841458841448D9/space/altera_lite/15.1/nios2eds/bin/gnu/H-x86_64-pc-linux-gnu/bin/../lib/gcc/nios2-elf/4.9.2/../../../../../H-x86_64-pc-linux-gnu/nios2-elf/lib/mno-hw-mul/libc.a(lib_a-mprec.o)
                0x0000000000008c98                __hi0bits
 .text.__lo0bits
                0x0000000000008d00       0xb0 /media/christoph/8A841458841448D9/space/altera_lite/15.1/nios2eds/bin/gnu/H-x86_64-pc-linux-gnu/bin/../lib/gcc/nios2-elf/4.9.2/../../../../../H-x86_64-pc-linux-gnu/nios2-elf/lib/mno-hw-mul/libc.a(lib_a-mprec.o)
                0x0000000000008d00                __lo0bits
 .text.__i2b    0x0000000000008db0       0x3c /media/christoph/8A841458841448D9/space/altera_lite/15.1/nios2eds/bin/gnu/H-x86_64-pc-linux-gnu/bin/../lib/gcc/nios2-elf/4.9.2/../../../../../H-x86_64-pc-linux-gnu/nios2-elf/lib/mno-hw-mul/libc.a(lib_a-mprec.o)
                0x0000000000008db0                __i2b
 .text.__multiply
                0x0000000000008dec      0x290 /media/christoph/8A841458841448D9/space/altera_lite/15.1/nios2eds/bin/gnu/H-x86_64-pc-linux-gnu/bin/../lib/gcc/nios2-elf/4.9.2/../../../../../H-x86_64-pc-linux-gnu/nios2-elf/lib/mno-hw-mul/libc.a(lib_a-mprec.o)
                0x0000000000008dec                __multiply
 .text.__pow5mult
                0x000000000000907c      0x140 /media/christoph/8A841458841448D9/space/altera_lite/15.1/nios2eds/bin/gnu/H-x86_64-pc-linux-gnu/bin/../lib/gcc/nios2-elf/4.9.2/../../../../../H-x86_64-pc-linux-gnu/nios2-elf/lib/mno-hw-mul/libc.a(lib_a-mprec.o)
                0x000000000000907c                __pow5mult
 .text.__lshift
                0x00000000000091bc      0x150 /media/christoph/8A841458841448D9/space/altera_lite/15.1/nios2eds/bin/gnu/H-x86_64-pc-linux-gnu/bin/../lib/gcc/nios2-elf/4.9.2/../../../../../H-x86_64-pc-linux-gnu/nios2-elf/lib/mno-hw-mul/libc.a(lib_a-mprec.o)
                0x00000000000091bc                __lshift
 .text.__mcmp   0x000000000000930c       0x60 /media/christoph/8A841458841448D9/space/altera_lite/15.1/nios2eds/bin/gnu/H-x86_64-pc-linux-gnu/bin/../lib/gcc/nios2-elf/4.9.2/../../../../../H-x86_64-pc-linux-gnu/nios2-elf/lib/mno-hw-mul/libc.a(lib_a-mprec.o)
                0x000000000000930c                __mcmp
 .text.__mdiff  0x000000000000936c      0x198 /media/christoph/8A841458841448D9/space/altera_lite/15.1/nios2eds/bin/gnu/H-x86_64-pc-linux-gnu/bin/../lib/gcc/nios2-elf/4.9.2/../../../../../H-x86_64-pc-linux-gnu/nios2-elf/lib/mno-hw-mul/libc.a(lib_a-mprec.o)
                0x000000000000936c                __mdiff
 .text.__ulp    0x0000000000009504       0x60 /media/christoph/8A841458841448D9/space/altera_lite/15.1/nios2eds/bin/gnu/H-x86_64-pc-linux-gnu/bin/../lib/gcc/nios2-elf/4.9.2/../../../../../H-x86_64-pc-linux-gnu/nios2-elf/lib/mno-hw-mul/libc.a(lib_a-mprec.o)
                0x0000000000009504                __ulp
 .text.__b2d    0x0000000000009564      0x11c /media/christoph/8A841458841448D9/space/altera_lite/15.1/nios2eds/bin/gnu/H-x86_64-pc-linux-gnu/bin/../lib/gcc/nios2-elf/4.9.2/../../../../../H-x86_64-pc-linux-gnu/nios2-elf/lib/mno-hw-mul/libc.a(lib_a-mprec.o)
                0x0000000000009564                __b2d
 .text.__d2b    0x0000000000009680      0x13c /media/christoph/8A841458841448D9/space/altera_lite/15.1/nios2eds/bin/gnu/H-x86_64-pc-linux-gnu/bin/../lib/gcc/nios2-elf/4.9.2/../../../../../H-x86_64-pc-linux-gnu/nios2-elf/lib/mno-hw-mul/libc.a(lib_a-mprec.o)
                0x0000000000009680                __d2b
 .text.__ratio  0x00000000000097bc       0xa4 /media/christoph/8A841458841448D9/space/altera_lite/15.1/nios2eds/bin/gnu/H-x86_64-pc-linux-gnu/bin/../lib/gcc/nios2-elf/4.9.2/../../../../../H-x86_64-pc-linux-gnu/nios2-elf/lib/mno-hw-mul/libc.a(lib_a-mprec.o)
                0x00000000000097bc                __ratio
 .text._mprec_log10
                0x0000000000009860       0x74 /media/christoph/8A841458841448D9/space/altera_lite/15.1/nios2eds/bin/gnu/H-x86_64-pc-linux-gnu/bin/../lib/gcc/nios2-elf/4.9.2/../../../../../H-x86_64-pc-linux-gnu/nios2-elf/lib/mno-hw-mul/libc.a(lib_a-mprec.o)
                0x0000000000009860                _mprec_log10
 .text.__copybits
                0x00000000000098d4       0x78 /media/christoph/8A841458841448D9/space/altera_lite/15.1/nios2eds/bin/gnu/H-x86_64-pc-linux-gnu/bin/../lib/gcc/nios2-elf/4.9.2/../../../../../H-x86_64-pc-linux-gnu/nios2-elf/lib/mno-hw-mul/libc.a(lib_a-mprec.o)
                0x00000000000098d4                __copybits
 .text.__any_on
                0x000000000000994c       0x8c /media/christoph/8A841458841448D9/space/altera_lite/15.1/nios2eds/bin/gnu/H-x86_64-pc-linux-gnu/bin/../lib/gcc/nios2-elf/4.9.2/../../../../../H-x86_64-pc-linux-gnu/nios2-elf/lib/mno-hw-mul/libc.a(lib_a-mprec.o)
                0x000000000000994c                __any_on
 .text          0x00000000000099d8        0x0 /media/christoph/8A841458841448D9/space/altera_lite/15.1/nios2eds/bin/gnu/H-x86_64-pc-linux-gnu/bin/../lib/gcc/nios2-elf/4.9.2/../../../../../H-x86_64-pc-linux-gnu/nios2-elf/lib/mno-hw-mul/libc.a(lib_a-s_fpclassify.o)
 .text.__fpclassifyd
                0x00000000000099d8       0x74 /media/christoph/8A841458841448D9/space/altera_lite/15.1/nios2eds/bin/gnu/H-x86_64-pc-linux-gnu/bin/../lib/gcc/nios2-elf/4.9.2/../../../../../H-x86_64-pc-linux-gnu/nios2-elf/lib/mno-hw-mul/libc.a(lib_a-s_fpclassify.o)
                0x00000000000099d8                __fpclassifyd
 .text          0x0000000000009a4c        0x0 /media/christoph/8A841458841448D9/space/altera_lite/15.1/nios2eds/bin/gnu/H-x86_64-pc-linux-gnu/bin/../lib/gcc/nios2-elf/4.9.2/../../../../../H-x86_64-pc-linux-gnu/nios2-elf/lib/mno-hw-mul/libc.a(lib_a-sbrkr.o)
 .text._sbrk_r  0x0000000000009a4c       0x54 /media/christoph/8A841458841448D9/space/altera_lite/15.1/nios2eds/bin/gnu/H-x86_64-pc-linux-gnu/bin/../lib/gcc/nios2-elf/4.9.2/../../../../../H-x86_64-pc-linux-gnu/nios2-elf/lib/mno-hw-mul/libc.a(lib_a-sbrkr.o)
                0x0000000000009a4c                _sbrk_r
 .text          0x0000000000009aa0        0x0 /media/christoph/8A841458841448D9/space/altera_lite/15.1/nios2eds/bin/gnu/H-x86_64-pc-linux-gnu/bin/../lib/gcc/nios2-elf/4.9.2/../../../../../H-x86_64-pc-linux-gnu/nios2-elf/lib/mno-hw-mul/libc.a(lib_a-stdio.o)
 .text.__sread  0x0000000000009aa0       0x54 /media/christoph/8A841458841448D9/space/altera_lite/15.1/nios2eds/bin/gnu/H-x86_64-pc-linux-gnu/bin/../lib/gcc/nios2-elf/4.9.2/../../../../../H-x86_64-pc-linux-gnu/nios2-elf/lib/mno-hw-mul/libc.a(lib_a-stdio.o)
                0x0000000000009aa0                __sread
 .text.__seofread
                0x0000000000009af4        0x8 /media/christoph/8A841458841448D9/space/altera_lite/15.1/nios2eds/bin/gnu/H-x86_64-pc-linux-gnu/bin/../lib/gcc/nios2-elf/4.9.2/../../../../../H-x86_64-pc-linux-gnu/nios2-elf/lib/mno-hw-mul/libc.a(lib_a-stdio.o)
                0x0000000000009af4                __seofread
 .text.__swrite
                0x0000000000009afc       0x7c /media/christoph/8A841458841448D9/space/altera_lite/15.1/nios2eds/bin/gnu/H-x86_64-pc-linux-gnu/bin/../lib/gcc/nios2-elf/4.9.2/../../../../../H-x86_64-pc-linux-gnu/nios2-elf/lib/mno-hw-mul/libc.a(lib_a-stdio.o)
                0x0000000000009afc                __swrite
 .text.__sseek  0x0000000000009b78       0x5c /media/christoph/8A841458841448D9/space/altera_lite/15.1/nios2eds/bin/gnu/H-x86_64-pc-linux-gnu/bin/../lib/gcc/nios2-elf/4.9.2/../../../../../H-x86_64-pc-linux-gnu/nios2-elf/lib/mno-hw-mul/libc.a(lib_a-stdio.o)
                0x0000000000009b78                __sseek
 .text.__sclose
                0x0000000000009bd4        0x8 /media/christoph/8A841458841448D9/space/altera_lite/15.1/nios2eds/bin/gnu/H-x86_64-pc-linux-gnu/bin/../lib/gcc/nios2-elf/4.9.2/../../../../../H-x86_64-pc-linux-gnu/nios2-elf/lib/mno-hw-mul/libc.a(lib_a-stdio.o)
                0x0000000000009bd4                __sclose
 .text          0x0000000000009bdc        0x0 /media/christoph/8A841458841448D9/space/altera_lite/15.1/nios2eds/bin/gnu/H-x86_64-pc-linux-gnu/bin/../lib/gcc/nios2-elf/4.9.2/../../../../../H-x86_64-pc-linux-gnu/nios2-elf/lib/mno-hw-mul/libc.a(lib_a-strcmp.o)
 .text.strcmp   0x0000000000009bdc       0xa4 /media/christoph/8A841458841448D9/space/altera_lite/15.1/nios2eds/bin/gnu/H-x86_64-pc-linux-gnu/bin/../lib/gcc/nios2-elf/4.9.2/../../../../../H-x86_64-pc-linux-gnu/nios2-elf/lib/mno-hw-mul/libc.a(lib_a-strcmp.o)
                0x0000000000009bdc                strcmp
 .text          0x0000000000009c80        0x0 /media/christoph/8A841458841448D9/space/altera_lite/15.1/nios2eds/bin/gnu/H-x86_64-pc-linux-gnu/bin/../lib/gcc/nios2-elf/4.9.2/../../../../../H-x86_64-pc-linux-gnu/nios2-elf/lib/mno-hw-mul/libc.a(lib_a-strlen.o)
 .text.strlen   0x0000000000009c80       0x98 /media/christoph/8A841458841448D9/space/altera_lite/15.1/nios2eds/bin/gnu/H-x86_64-pc-linux-gnu/bin/../lib/gcc/nios2-elf/4.9.2/../../../../../H-x86_64-pc-linux-gnu/nios2-elf/lib/mno-hw-mul/libc.a(lib_a-strlen.o)
                0x0000000000009c80                strlen
 .text          0x0000000000009d18        0x0 /media/christoph/8A841458841448D9/space/altera_lite/15.1/nios2eds/bin/gnu/H-x86_64-pc-linux-gnu/bin/../lib/gcc/nios2-elf/4.9.2/../../../../../H-x86_64-pc-linux-gnu/nios2-elf/lib/mno-hw-mul/libc.a(lib_a-vfiprintf.o)
 .text.__sprint_r.part.0
                0x0000000000009d18       0xfc /media/christoph/8A841458841448D9/space/altera_lite/15.1/nios2eds/bin/gnu/H-x86_64-pc-linux-gnu/bin/../lib/gcc/nios2-elf/4.9.2/../../../../../H-x86_64-pc-linux-gnu/nios2-elf/lib/mno-hw-mul/libc.a(lib_a-vfiprintf.o)
 .text.__sprint_r
                0x0000000000009e14       0x18 /media/christoph/8A841458841448D9/space/altera_lite/15.1/nios2eds/bin/gnu/H-x86_64-pc-linux-gnu/bin/../lib/gcc/nios2-elf/4.9.2/../../../../../H-x86_64-pc-linux-gnu/nios2-elf/lib/mno-hw-mul/libc.a(lib_a-vfiprintf.o)
                0x0000000000009e14                __sprint_r
 .text.___vfiprintf_internal_r
                0x0000000000009e2c     0x12f0 /media/christoph/8A841458841448D9/space/altera_lite/15.1/nios2eds/bin/gnu/H-x86_64-pc-linux-gnu/bin/../lib/gcc/nios2-elf/4.9.2/../../../../../H-x86_64-pc-linux-gnu/nios2-elf/lib/mno-hw-mul/libc.a(lib_a-vfiprintf.o)
                0x0000000000009e2c                ___vfiprintf_internal_r
 .text.__vfiprintf_internal
                0x000000000000b11c       0x24 /media/christoph/8A841458841448D9/space/altera_lite/15.1/nios2eds/bin/gnu/H-x86_64-pc-linux-gnu/bin/../lib/gcc/nios2-elf/4.9.2/../../../../../H-x86_64-pc-linux-gnu/nios2-elf/lib/mno-hw-mul/libc.a(lib_a-vfiprintf.o)
                0x000000000000b11c                __vfiprintf_internal
 .text.__sbprintf
                0x000000000000b140       0xbc /media/christoph/8A841458841448D9/space/altera_lite/15.1/nios2eds/bin/gnu/H-x86_64-pc-linux-gnu/bin/../lib/gcc/nios2-elf/4.9.2/../../../../../H-x86_64-pc-linux-gnu/nios2-elf/lib/mno-hw-mul/libc.a(lib_a-vfiprintf.o)
 .text          0x000000000000b1fc        0x0 /media/christoph/8A841458841448D9/space/altera_lite/15.1/nios2eds/bin/gnu/H-x86_64-pc-linux-gnu/bin/../lib/gcc/nios2-elf/4.9.2/../../../../../H-x86_64-pc-linux-gnu/nios2-elf/lib/mno-hw-mul/libc.a(lib_a-writer.o)
 .text._write_r
                0x000000000000b1fc       0x5c /media/christoph/8A841458841448D9/space/altera_lite/15.1/nios2eds/bin/gnu/H-x86_64-pc-linux-gnu/bin/../lib/gcc/nios2-elf/4.9.2/../../../../../H-x86_64-pc-linux-gnu/nios2-elf/lib/mno-hw-mul/libc.a(lib_a-writer.o)
                0x000000000000b1fc                _write_r
 .text          0x000000000000b258        0x0 /media/christoph/8A841458841448D9/space/altera_lite/15.1/nios2eds/bin/gnu/H-x86_64-pc-linux-gnu/bin/../lib/gcc/nios2-elf/4.9.2/../../../../../H-x86_64-pc-linux-gnu/nios2-elf/lib/mno-hw-mul/libc.a(closer.o)
 .text._close_r
                0x000000000000b258       0x54 /media/christoph/8A841458841448D9/space/altera_lite/15.1/nios2eds/bin/gnu/H-x86_64-pc-linux-gnu/bin/../lib/gcc/nios2-elf/4.9.2/../../../../../H-x86_64-pc-linux-gnu/nios2-elf/lib/mno-hw-mul/libc.a(closer.o)
                0x000000000000b258                _close_r
 .text          0x000000000000b2ac        0x0 /media/christoph/8A841458841448D9/space/altera_lite/15.1/nios2eds/bin/gnu/H-x86_64-pc-linux-gnu/bin/../lib/gcc/nios2-elf/4.9.2/../../../../../H-x86_64-pc-linux-gnu/nios2-elf/lib/mno-hw-mul/libc.a(lib_a-callocr.o)
 .text._calloc_r
                0x000000000000b2ac       0xd8 /media/christoph/8A841458841448D9/space/altera_lite/15.1/nios2eds/bin/gnu/H-x86_64-pc-linux-gnu/bin/../lib/gcc/nios2-elf/4.9.2/../../../../../H-x86_64-pc-linux-gnu/nios2-elf/lib/mno-hw-mul/libc.a(lib_a-callocr.o)
                0x000000000000b2ac                _calloc_r
 .text          0x000000000000b384        0x0 /media/christoph/8A841458841448D9/space/altera_lite/15.1/nios2eds/bin/gnu/H-x86_64-pc-linux-gnu/bin/../lib/gcc/nios2-elf/4.9.2/../../../../../H-x86_64-pc-linux-gnu/nios2-elf/lib/mno-hw-mul/libc.a(lib_a-fclose.o)
 .text._fclose_r
                0x000000000000b384       0xf0 /media/christoph/8A841458841448D9/space/altera_lite/15.1/nios2eds/bin/gnu/H-x86_64-pc-linux-gnu/bin/../lib/gcc/nios2-elf/4.9.2/../../../../../H-x86_64-pc-linux-gnu/nios2-elf/lib/mno-hw-mul/libc.a(lib_a-fclose.o)
                0x000000000000b384                _fclose_r
 .text.fclose   0x000000000000b474       0x14 /media/christoph/8A841458841448D9/space/altera_lite/15.1/nios2eds/bin/gnu/H-x86_64-pc-linux-gnu/bin/../lib/gcc/nios2-elf/4.9.2/../../../../../H-x86_64-pc-linux-gnu/nios2-elf/lib/mno-hw-mul/libc.a(lib_a-fclose.o)
                0x000000000000b474                fclose
 .text          0x000000000000b488        0x0 /media/christoph/8A841458841448D9/space/altera_lite/15.1/nios2eds/bin/gnu/H-x86_64-pc-linux-gnu/bin/../lib/gcc/nios2-elf/4.9.2/../../../../../H-x86_64-pc-linux-gnu/nios2-elf/lib/mno-hw-mul/libc.a(lib_a-fputwc.o)
 .text._fputwc_r
                0x000000000000b488      0x184 /media/christoph/8A841458841448D9/space/altera_lite/15.1/nios2eds/bin/gnu/H-x86_64-pc-linux-gnu/bin/../lib/gcc/nios2-elf/4.9.2/../../../../../H-x86_64-pc-linux-gnu/nios2-elf/lib/mno-hw-mul/libc.a(lib_a-fputwc.o)
                0x000000000000b488                _fputwc_r
 .text.fputwc   0x000000000000b60c       0x5c /media/christoph/8A841458841448D9/space/altera_lite/15.1/nios2eds/bin/gnu/H-x86_64-pc-linux-gnu/bin/../lib/gcc/nios2-elf/4.9.2/../../../../../H-x86_64-pc-linux-gnu/nios2-elf/lib/mno-hw-mul/libc.a(lib_a-fputwc.o)
                0x000000000000b60c                fputwc
 .text          0x000000000000b668        0x0 /media/christoph/8A841458841448D9/space/altera_lite/15.1/nios2eds/bin/gnu/H-x86_64-pc-linux-gnu/bin/../lib/gcc/nios2-elf/4.9.2/../../../../../H-x86_64-pc-linux-gnu/nios2-elf/lib/mno-hw-mul/libc.a(lib_a-fstatr.o)
 .text._fstat_r
                0x000000000000b668       0x58 /media/christoph/8A841458841448D9/space/altera_lite/15.1/nios2eds/bin/gnu/H-x86_64-pc-linux-gnu/bin/../lib/gcc/nios2-elf/4.9.2/../../../../../H-x86_64-pc-linux-gnu/nios2-elf/lib/mno-hw-mul/libc.a(lib_a-fstatr.o)
                0x000000000000b668                _fstat_r
 .text          0x000000000000b6c0        0x0 /media/christoph/8A841458841448D9/space/altera_lite/15.1/nios2eds/bin/gnu/H-x86_64-pc-linux-gnu/bin/../lib/gcc/nios2-elf/4.9.2/../../../../../H-x86_64-pc-linux-gnu/nios2-elf/lib/mno-hw-mul/libc.a(lib_a-fvwrite.o)
 .text.__sfvwrite_r
                0x000000000000b6c0      0x4cc /media/christoph/8A841458841448D9/space/altera_lite/15.1/nios2eds/bin/gnu/H-x86_64-pc-linux-gnu/bin/../lib/gcc/nios2-elf/4.9.2/../../../../../H-x86_64-pc-linux-gnu/nios2-elf/lib/mno-hw-mul/libc.a(lib_a-fvwrite.o)
                0x000000000000b6c0                __sfvwrite_r
 .text          0x000000000000bb8c        0x0 /media/christoph/8A841458841448D9/space/altera_lite/15.1/nios2eds/bin/gnu/H-x86_64-pc-linux-gnu/bin/../lib/gcc/nios2-elf/4.9.2/../../../../../H-x86_64-pc-linux-gnu/nios2-elf/lib/mno-hw-mul/libc.a(lib_a-int_errno.o)
 .text          0x000000000000bb8c        0x0 /media/christoph/8A841458841448D9/space/altera_lite/15.1/nios2eds/bin/gnu/H-x86_64-pc-linux-gnu/bin/../lib/gcc/nios2-elf/4.9.2/../../../../../H-x86_64-pc-linux-gnu/nios2-elf/lib/mno-hw-mul/libc.a(lib_a-isattyr.o)
 .text._isatty_r
                0x000000000000bb8c       0x54 /media/christoph/8A841458841448D9/space/altera_lite/15.1/nios2eds/bin/gnu/H-x86_64-pc-linux-gnu/bin/../lib/gcc/nios2-elf/4.9.2/../../../../../H-x86_64-pc-linux-gnu/nios2-elf/lib/mno-hw-mul/libc.a(lib_a-isattyr.o)
                0x000000000000bb8c                _isatty_r
 .text          0x000000000000bbe0        0x0 /media/christoph/8A841458841448D9/space/altera_lite/15.1/nios2eds/bin/gnu/H-x86_64-pc-linux-gnu/bin/../lib/gcc/nios2-elf/4.9.2/../../../../../H-x86_64-pc-linux-gnu/nios2-elf/lib/mno-hw-mul/libc.a(lib_a-lseekr.o)
 .text._lseek_r
                0x000000000000bbe0       0x5c /media/christoph/8A841458841448D9/space/altera_lite/15.1/nios2eds/bin/gnu/H-x86_64-pc-linux-gnu/bin/../lib/gcc/nios2-elf/4.9.2/../../../../../H-x86_64-pc-linux-gnu/nios2-elf/lib/mno-hw-mul/libc.a(lib_a-lseekr.o)
                0x000000000000bbe0                _lseek_r
 .text          0x000000000000bc3c        0x0 /media/christoph/8A841458841448D9/space/altera_lite/15.1/nios2eds/bin/gnu/H-x86_64-pc-linux-gnu/bin/../lib/gcc/nios2-elf/4.9.2/../../../../../H-x86_64-pc-linux-gnu/nios2-elf/lib/mno-hw-mul/libc.a(lib_a-memmove.o)
 .text.memmove  0x000000000000bc3c      0x15c /media/christoph/8A841458841448D9/space/altera_lite/15.1/nios2eds/bin/gnu/H-x86_64-pc-linux-gnu/bin/../lib/gcc/nios2-elf/4.9.2/../../../../../H-x86_64-pc-linux-gnu/nios2-elf/lib/mno-hw-mul/libc.a(lib_a-memmove.o)
                0x000000000000bc3c                memmove
 .text          0x000000000000bd98        0x0 /media/christoph/8A841458841448D9/space/altera_lite/15.1/nios2eds/bin/gnu/H-x86_64-pc-linux-gnu/bin/../lib/gcc/nios2-elf/4.9.2/../../../../../H-x86_64-pc-linux-gnu/nios2-elf/lib/mno-hw-mul/libc.a(lib_a-readr.o)
 .text._read_r  0x000000000000bd98       0x5c /media/christoph/8A841458841448D9/space/altera_lite/15.1/nios2eds/bin/gnu/H-x86_64-pc-linux-gnu/bin/../lib/gcc/nios2-elf/4.9.2/../../../../../H-x86_64-pc-linux-gnu/nios2-elf/lib/mno-hw-mul/libc.a(lib_a-readr.o)
                0x000000000000bd98                _read_r
 .text          0x000000000000bdf4        0x0 /media/christoph/8A841458841448D9/space/altera_lite/15.1/nios2eds/bin/gnu/H-x86_64-pc-linux-gnu/bin/../lib/gcc/nios2-elf/4.9.2/../../../../../H-x86_64-pc-linux-gnu/nios2-elf/lib/mno-hw-mul/libc.a(lib_a-reallocr.o)
 .text._realloc_r
                0x000000000000bdf4      0x568 /media/christoph/8A841458841448D9/space/altera_lite/15.1/nios2eds/bin/gnu/H-x86_64-pc-linux-gnu/bin/../lib/gcc/nios2-elf/4.9.2/../../../../../H-x86_64-pc-linux-gnu/nios2-elf/lib/mno-hw-mul/libc.a(lib_a-reallocr.o)
                0x000000000000bdf4                _realloc_r
 .text          0x000000000000c35c        0x0 /media/christoph/8A841458841448D9/space/altera_lite/15.1/nios2eds/bin/gnu/H-x86_64-pc-linux-gnu/bin/../lib/gcc/nios2-elf/4.9.2/../../../../../H-x86_64-pc-linux-gnu/nios2-elf/lib/mno-hw-mul/libc.a(lib_a-wbuf.o)
 .text.__swbuf_r
                0x000000000000c35c      0x138 /media/christoph/8A841458841448D9/space/altera_lite/15.1/nios2eds/bin/gnu/H-x86_64-pc-linux-gnu/bin/../lib/gcc/nios2-elf/4.9.2/../../../../../H-x86_64-pc-linux-gnu/nios2-elf/lib/mno-hw-mul/libc.a(lib_a-wbuf.o)
                0x000000000000c35c                __swbuf_r
 .text.__swbuf  0x000000000000c494       0x1c /media/christoph/8A841458841448D9/space/altera_lite/15.1/nios2eds/bin/gnu/H-x86_64-pc-linux-gnu/bin/../lib/gcc/nios2-elf/4.9.2/../../../../../H-x86_64-pc-linux-gnu/nios2-elf/lib/mno-hw-mul/libc.a(lib_a-wbuf.o)
                0x000000000000c494                __swbuf
 .text          0x000000000000c4b0        0x0 /media/christoph/8A841458841448D9/space/altera_lite/15.1/nios2eds/bin/gnu/H-x86_64-pc-linux-gnu/bin/../lib/gcc/nios2-elf/4.9.2/../../../../../H-x86_64-pc-linux-gnu/nios2-elf/lib/mno-hw-mul/libc.a(lib_a-wcrtomb.o)
 .text._wcrtomb_r
                0x000000000000c4b0       0x9c /media/christoph/8A841458841448D9/space/altera_lite/15.1/nios2eds/bin/gnu/H-x86_64-pc-linux-gnu/bin/../lib/gcc/nios2-elf/4.9.2/../../../../../H-x86_64-pc-linux-gnu/nios2-elf/lib/mno-hw-mul/libc.a(lib_a-wcrtomb.o)
                0x000000000000c4b0                _wcrtomb_r
 .text.wcrtomb  0x000000000000c54c       0xc0 /media/christoph/8A841458841448D9/space/altera_lite/15.1/nios2eds/bin/gnu/H-x86_64-pc-linux-gnu/bin/../lib/gcc/nios2-elf/4.9.2/../../../../../H-x86_64-pc-linux-gnu/nios2-elf/lib/mno-hw-mul/libc.a(lib_a-wcrtomb.o)
                0x000000000000c54c                wcrtomb
 .text          0x000000000000c60c        0x0 /media/christoph/8A841458841448D9/space/altera_lite/15.1/nios2eds/bin/gnu/H-x86_64-pc-linux-gnu/bin/../lib/gcc/nios2-elf/4.9.2/../../../../../H-x86_64-pc-linux-gnu/nios2-elf/lib/mno-hw-mul/libc.a(lib_a-wctomb_r.o)
 .text.__ascii_wctomb
                0x000000000000c60c       0x30 /media/christoph/8A841458841448D9/space/altera_lite/15.1/nios2eds/bin/gnu/H-x86_64-pc-linux-gnu/bin/../lib/gcc/nios2-elf/4.9.2/../../../../../H-x86_64-pc-linux-gnu/nios2-elf/lib/mno-hw-mul/libc.a(lib_a-wctomb_r.o)
                0x000000000000c60c                __ascii_wctomb
 .text._wctomb_r
                0x000000000000c63c       0x5c /media/christoph/8A841458841448D9/space/altera_lite/15.1/nios2eds/bin/gnu/H-x86_64-pc-linux-gnu/bin/../lib/gcc/nios2-elf/4.9.2/../../../../../H-x86_64-pc-linux-gnu/nios2-elf/lib/mno-hw-mul/libc.a(lib_a-wctomb_r.o)
                0x000000000000c63c                _wctomb_r
 .text          0x000000000000c698      0x640 /media/christoph/8A841458841448D9/space/altera_lite/15.1/nios2eds/bin/gnu/H-x86_64-pc-linux-gnu/bin/../lib/gcc/nios2-elf/4.9.2/mno-hw-mul/libgcc.a(_udivdi3.o)
                0x000000000000c698                __udivdi3
 .text          0x000000000000ccd8      0x61c /media/christoph/8A841458841448D9/space/altera_lite/15.1/nios2eds/bin/gnu/H-x86_64-pc-linux-gnu/bin/../lib/gcc/nios2-elf/4.9.2/mno-hw-mul/libgcc.a(_umoddi3.o)
                0x000000000000ccd8                __umoddi3
 .text          0x000000000000d2f4      0x89c /media/christoph/8A841458841448D9/space/altera_lite/15.1/nios2eds/bin/gnu/H-x86_64-pc-linux-gnu/bin/../lib/gcc/nios2-elf/4.9.2/mno-hw-mul/libgcc.a(adddf3.o)
                0x000000000000d2f4                __adddf3
 .text          0x000000000000db90       0x84 /media/christoph/8A841458841448D9/space/altera_lite/15.1/nios2eds/bin/gnu/H-x86_64-pc-linux-gnu/bin/../lib/gcc/nios2-elf/4.9.2/mno-hw-mul/libgcc.a(eqdf2.o)
                0x000000000000db90                __eqdf2
                0x000000000000db90                __nedf2
 .text          0x000000000000dc14       0xa4 /media/christoph/8A841458841448D9/space/altera_lite/15.1/nios2eds/bin/gnu/H-x86_64-pc-linux-gnu/bin/../lib/gcc/nios2-elf/4.9.2/mno-hw-mul/libgcc.a(floatunsidf.o)
                0x000000000000dc14                __floatunsidf
 .text          0x000000000000dcb8      0x128 ../Autonomous_Car_OS_bsp//libucosii_bsp.a(alt_close.o)
                0x000000000000dd08                close
 .text          0x000000000000dde0       0x2c ../Autonomous_Car_OS_bsp//libucosii_bsp.a(alt_dev.o)
 .text          0x000000000000de0c        0x0 ../Autonomous_Car_OS_bsp//libucosii_bsp.a(alt_errno.o)
 .text          0x000000000000de0c      0x108 ../Autonomous_Car_OS_bsp//libucosii_bsp.a(alt_fstat.o)
                0x000000000000de5c                fstat
 .text          0x000000000000df14      0x1e0 ../Autonomous_Car_OS_bsp//libucosii_bsp.a(alt_iic.o)
                0x000000000000df14                alt_ic_isr_register
                0x000000000000df64                alt_ic_irq_enable
                0x000000000000e004                alt_ic_irq_disable
                0x000000000000e0a8                alt_ic_irq_enabled
 .text          0x000000000000e0f4       0xf0 ../Autonomous_Car_OS_bsp//libucosii_bsp.a(alt_iic_isr_register.o)
                0x000000000000e0f4                alt_iic_isr_register
 .text          0x000000000000e1e4        0x0 ../Autonomous_Car_OS_bsp//libucosii_bsp.a(alt_irq_entry.o)
 .text          0x000000000000e1e4        0x0 ../Autonomous_Car_OS_bsp//libucosii_bsp.a(alt_irq_handler.o)
 .text          0x000000000000e1e4        0x0 ../Autonomous_Car_OS_bsp//libucosii_bsp.a(alt_irq_vars.o)
 .text          0x000000000000e1e4       0xfc ../Autonomous_Car_OS_bsp//libucosii_bsp.a(alt_isatty.o)
                0x000000000000e234                isatty
 .text          0x000000000000e2e0      0x12c ../Autonomous_Car_OS_bsp//libucosii_bsp.a(alt_lseek.o)
                0x000000000000e330                lseek
 .text          0x000000000000e40c       0xd4 ../Autonomous_Car_OS_bsp//libucosii_bsp.a(alt_main.o)
                0x000000000000e40c                alt_main
 .text          0x000000000000e4e0      0x154 ../Autonomous_Car_OS_bsp//libucosii_bsp.a(alt_read.o)
                0x000000000000e530                read
 .text          0x000000000000e634       0x80 ../Autonomous_Car_OS_bsp//libucosii_bsp.a(alt_release_fd.o)
                0x000000000000e634                alt_release_fd
 .text          0x000000000000e6b4       0xb0 ../Autonomous_Car_OS_bsp//libucosii_bsp.a(alt_sbrk.o)
                0x000000000000e6b4                sbrk
 .text          0x000000000000e764      0x150 ../Autonomous_Car_OS_bsp//libucosii_bsp.a(alt_write.o)
                0x000000000000e7b4                write
 .text          0x000000000000e8b4      0x11c ../Autonomous_Car_OS_bsp//libucosii_bsp.a(alt_env_lock.o)
                0x000000000000e8b4                __env_lock
                0x000000000000e974                __env_unlock
 .text          0x000000000000e9d0      0x1f0 ../Autonomous_Car_OS_bsp//libucosii_bsp.a(alt_malloc_lock.o)
                0x000000000000e9d0                __malloc_lock
                0x000000000000eaf0                __malloc_unlock
 .text          0x000000000000ebc0     0x1fe0 ../Autonomous_Car_OS_bsp//libucosii_bsp.a(os_core.o)
                0x000000000000ebc0                OSEventNameGet
                0x000000000000ece0                OSEventNameSet
                0x000000000000ee1c                OSEventPendMulti
                0x000000000000f42c                OSInit
                0x000000000000f480                OSIntEnter
                0x000000000000f4fc                OSIntExit
                0x000000000000f5f0                OSSchedLock
                0x000000000000f678                OSSchedUnlock
                0x000000000000f750                OSStart
                0x000000000000f7bc                OSStatInit
                0x000000000000f868                OSTimeTick
                0x000000000000fa84                OSVersion
                0x000000000000faa4                OS_Dummy
                0x000000000000fac0                OS_EventTaskRdy
                0x000000000000fc58                OS_EventTaskWait
                0x000000000000fd64                OS_EventTaskWaitMulti
                0x000000000000feb0                OS_EventTaskRemove
                0x000000000000ff64                OS_EventTaskRemoveMulti
                0x0000000000010060                OS_EventWaitListInit
                0x0000000000010424                OS_MemClr
                0x0000000000010474                OS_MemCopy
                0x00000000000104d8                OS_Sched
                0x0000000000010614                OS_StrCopy
                0x0000000000010688                OS_StrLen
                0x00000000000106dc                OS_TaskIdle
                0x0000000000010738                OS_TaskStat
                0x0000000000010804                OS_TaskStatStkChk
                0x00000000000108cc                OS_TCBInit
 .text          0x0000000000010ba0      0x18c ../Autonomous_Car_OS_bsp//libucosii_bsp.a(os_dbg.o)
                0x0000000000010ba0                OSDebugInit
 .text          0x0000000000010d2c     0x181c ../Autonomous_Car_OS_bsp//libucosii_bsp.a(os_flag.o)
                0x0000000000010d2c                OSFlagAccept
                0x0000000000011034                OSFlagCreate
                0x000000000001115c                OSFlagDel
                0x00000000000113cc                OSFlagNameGet
                0x00000000000114fc                OSFlagNameSet
                0x000000000001164c                OSFlagPend
                0x0000000000011c3c                OSFlagPendGetFlagsRdy
                0x0000000000011ca4                OSFlagPost
                0x000000000001202c                OSFlagQuery
                0x00000000000122b4                OS_FlagInit
                0x00000000000124a8                OS_FlagUnlink
 .text          0x0000000000012548      0x790 ../Autonomous_Car_OS_bsp//libucosii_bsp.a(os_mem.o)
                0x0000000000012548                OSMemCreate
                0x000000000001273c                OSMemGet
                0x000000000001282c                OSMemNameGet
                0x0000000000012924                OSMemNameSet
                0x0000000000012a3c                OSMemPut
                0x0000000000012b14                OSMemQuery
                0x0000000000012bfc                OS_MemInit
 .text          0x0000000000012cd8     0x1210 ../Autonomous_Car_OS_bsp//libucosii_bsp.a(os_q.o)
                0x0000000000012cd8                OSQAccept
                0x0000000000012e18                OSQCreate
                0x0000000000013014                OSQDel
                0x00000000000132dc                OSQFlush
                0x0000000000013394                OSQPend
                0x0000000000013690                OSQPendAbort
                0x00000000000137fc                OSQPost
                0x0000000000013964                OSQPostFront
                0x0000000000013ad4                OSQPostOpt
                0x0000000000013ce0                OSQQuery
                0x0000000000013e3c                OS_QInit
 .text          0x0000000000013ee8      0xb08 ../Autonomous_Car_OS_bsp//libucosii_bsp.a(os_sem.o)
                0x0000000000013ee8                OSSemAccept
                0x0000000000013f98                OSSemCreate
                0x0000000000014098                OSSemDel
                0x0000000000014300                OSSemPend
                0x0000000000014568                OSSemPendAbort
                0x00000000000146d4                OSSemPost
                0x00000000000147e4                OSSemQuery
                0x00000000000148f4                OSSemSet
 .text          0x00000000000149f0     0x18f4 ../Autonomous_Car_OS_bsp//libucosii_bsp.a(os_task.o)
                0x00000000000149f0                OSTaskChangePrio
                0x0000000000014f30                OSTaskCreate
                0x00000000000150ec                OSTaskCreateExt
                0x00000000000152d8                OSTaskDel
                0x00000000000156b8                OSTaskDelReq
                0x0000000000015810                OSTaskNameGet
                0x00000000000159b8                OSTaskNameSet
                0x0000000000015b78                OSTaskResume
                0x0000000000015d70                OSTaskStkChk
                0x0000000000015f38                OSTaskSuspend
                0x000000000001614c                OSTaskQuery
                0x0000000000016278                OS_TaskStkClr
 .text          0x00000000000162e4      0x64c ../Autonomous_Car_OS_bsp//libucosii_bsp.a(os_time.o)
                0x00000000000162e4                OSTimeDly
                0x000000000001642c                OSTimeDlyHMSM
                0x0000000000016678                OSTimeDlyResume
                0x0000000000016868                OSTimeGet
                0x00000000000168cc                OSTimeSet
 .text          0x0000000000016930      0x184 ../Autonomous_Car_OS_bsp//libucosii_bsp.a(alt_sys_init.o)
                0x0000000000016968                alt_irq_init
                0x000000000001699c                alt_sys_init
 .text          0x0000000000016ab4      0xaf8 ../Autonomous_Car_OS_bsp//libucosii_bsp.a(altera_avalon_epcs_flash_controller.o)
                0x0000000000016aec                alt_epcs_flash_init
                0x0000000000017020                alt_epcs_flash_write
                0x0000000000017280                alt_epcs_flash_get_info
                0x00000000000173a0                alt_epcs_flash_erase_block
                0x0000000000017414                alt_epcs_flash_write_block
                0x0000000000017514                alt_epcs_flash_read
 .text          0x00000000000175ac      0x164 ../Autonomous_Car_OS_bsp//libucosii_bsp.a(altera_avalon_jtag_uart_fd.o)
                0x00000000000175ac                altera_avalon_jtag_uart_read_fd
                0x000000000001760c                altera_avalon_jtag_uart_write_fd
                0x000000000001766c                altera_avalon_jtag_uart_close_fd
                0x00000000000176bc                altera_avalon_jtag_uart_ioctl_fd
 .text          0x0000000000017710      0x568 ../Autonomous_Car_OS_bsp//libucosii_bsp.a(altera_avalon_jtag_uart_init.o)
                0x0000000000017710                altera_avalon_jtag_uart_init
                0x0000000000017c10                altera_avalon_jtag_uart_close
 .text          0x0000000000017c78       0xec ../Autonomous_Car_OS_bsp//libucosii_bsp.a(altera_avalon_jtag_uart_ioctl.o)
                0x0000000000017c78                altera_avalon_jtag_uart_ioctl
 .text          0x0000000000017d64      0x2b4 ../Autonomous_Car_OS_bsp//libucosii_bsp.a(altera_avalon_jtag_uart_read.o)
                0x0000000000017d64                altera_avalon_jtag_uart_read
 .text          0x0000000000018018      0x2c0 ../Autonomous_Car_OS_bsp//libucosii_bsp.a(altera_avalon_jtag_uart_write.o)
                0x0000000000018018                altera_avalon_jtag_uart_write
 .text          0x00000000000182d8       0xfc ../Autonomous_Car_OS_bsp//libucosii_bsp.a(altera_avalon_timer_sc.o)
                0x000000000001834c                alt_avalon_timer_sc_init
 .text          0x00000000000183d4      0x110 ../Autonomous_Car_OS_bsp//libucosii_bsp.a(altera_avalon_uart_fd.o)
                0x00000000000183d4                altera_avalon_uart_read_fd
                0x0000000000018434                altera_avalon_uart_write_fd
                0x0000000000018494                altera_avalon_uart_close_fd
 .text          0x00000000000184e4      0x524 ../Autonomous_Car_OS_bsp//libucosii_bsp.a(altera_avalon_uart_init.o)
                0x00000000000184e4                altera_avalon_uart_init
                0x00000000000189b4                altera_avalon_uart_close
 .text          0x0000000000018a08      0x2b8 ../Autonomous_Car_OS_bsp//libucosii_bsp.a(altera_avalon_uart_read.o)
                0x0000000000018a58                altera_avalon_uart_read
 .text          0x0000000000018cc0      0x288 ../Autonomous_Car_OS_bsp//libucosii_bsp.a(altera_avalon_uart_write.o)
                0x0000000000018d10                altera_avalon_uart_write
 .text          0x0000000000018f48      0x62c ../Autonomous_Car_OS_bsp//libucosii_bsp.a(epcs_commands.o)
                0x0000000000018f48                epcs_read_status_register
                0x0000000000019014                epcs_sector_erase
                0x000000000001910c                epcs_read_buffer
                0x0000000000019200                epcs_write_enable
                0x0000000000019250                epcs_write_status_register
                0x00000000000192b8                epcs_write_buffer
                0x00000000000193d4                epcs_read_electronic_signature
                0x000000000001943c                epcs_read_device_id
                0x00000000000194bc                epcs_enter_4_bytes_mode
                0x0000000000019518                epcs_exit_4_bytes_mode
 .text          0x0000000000019574      0x140 ../Autonomous_Car_OS_bsp//libucosii_bsp.a(alt_alarm_start.o)
                0x0000000000019574                alt_alarm_start
 .text          0x00000000000196b4       0xf4 ../Autonomous_Car_OS_bsp//libucosii_bsp.a(alt_dev_llist_insert.o)
                0x0000000000019704                alt_dev_llist_insert
 .text          0x00000000000197a8       0x5c ../Autonomous_Car_OS_bsp//libucosii_bsp.a(alt_do_ctors.o)
                0x00000000000197a8                _do_ctors
 .text          0x0000000000019804       0x5c ../Autonomous_Car_OS_bsp//libucosii_bsp.a(alt_do_dtors.o)
                0x0000000000019804                _do_dtors
 .text          0x0000000000019860        0x0 ../Autonomous_Car_OS_bsp//libucosii_bsp.a(alt_exception_entry.o)
 .text          0x0000000000019860       0xb8 ../Autonomous_Car_OS_bsp//libucosii_bsp.a(alt_flash_dev.o)
                0x0000000000019860                alt_flash_open_dev
                0x00000000000198c8                alt_flash_close_dev
 .text          0x0000000000019918      0x158 ../Autonomous_Car_OS_bsp//libucosii_bsp.a(alt_io_redirect.o)
                0x00000000000199f8                alt_io_redirect
 .text          0x0000000000019a70      0x2a4 ../Autonomous_Car_OS_bsp//libucosii_bsp.a(alt_open.o)
                0x0000000000019bb4                open
 .text          0x0000000000019d14      0x19c ../Autonomous_Car_OS_bsp//libucosii_bsp.a(alt_tick.o)
                0x0000000000019d14                alt_alarm_stop
                0x0000000000019dac                alt_tick
 .text          0x0000000000019eb0       0x20 ../Autonomous_Car_OS_bsp//libucosii_bsp.a(altera_nios2_qsys_irq.o)
                0x0000000000019eb0                altera_nios2_qsys_irq_init
 .text          0x0000000000019ed0       0xd0 ../Autonomous_Car_OS_bsp//libucosii_bsp.a(os_cpu_a.o)
                0x0000000000019ed0                OSCtxSw
                0x0000000000019ed0                OSIntCtxSw
                0x0000000000019f5c                OSStartHighRdy
                0x0000000000019f7c                OSStartTsk
 .text          0x0000000000019fa0      0x264 ../Autonomous_Car_OS_bsp//libucosii_bsp.a(os_cpu_c.o)
                0x0000000000019fa0                OSTaskStkInit
                0x000000000001a0fc                OSTaskCreateHook
                0x000000000001a11c                OSTaskDelHook
                0x000000000001a13c                OSTaskSwHook
                0x000000000001a158                OSTaskStatHook
                0x000000000001a174                OSTimeTickHook
                0x000000000001a190                OSInitHookBegin
                0x000000000001a1ac                OSInitHookEnd
                0x000000000001a1c8                OSTaskIdleHook
                0x000000000001a1e4                OSTCBInitHook
 .text          0x000000000001a204      0x204 ../Autonomous_Car_OS_bsp//libucosii_bsp.a(altera_avalon_spi.o)
                0x000000000001a204                alt_avalon_spi_command
 .text          0x000000000001a408       0x90 ../Autonomous_Car_OS_bsp//libucosii_bsp.a(alt_find_dev.o)
                0x000000000001a408                alt_find_dev
 .text          0x000000000001a498      0x114 ../Autonomous_Car_OS_bsp//libucosii_bsp.a(alt_find_file.o)
                0x000000000001a498                alt_find_file
 .text          0x000000000001a5ac      0x114 ../Autonomous_Car_OS_bsp//libucosii_bsp.a(alt_get_fd.o)
                0x000000000001a5ac                alt_get_fd
 .text          0x000000000001a6c0        0x0 /media/christoph/8A841458841448D9/space/altera_lite/15.1/nios2eds/bin/gnu/H-x86_64-pc-linux-gnu/bin/../lib/gcc/nios2-elf/4.9.2/../../../../../H-x86_64-pc-linux-gnu/nios2-elf/lib/mno-hw-mul/libc.a(lib_a-atexit.o)
 .text.atexit   0x000000000001a6c0       0x14 /media/christoph/8A841458841448D9/space/altera_lite/15.1/nios2eds/bin/gnu/H-x86_64-pc-linux-gnu/bin/../lib/gcc/nios2-elf/4.9.2/../../../../../H-x86_64-pc-linux-gnu/nios2-elf/lib/mno-hw-mul/libc.a(lib_a-atexit.o)
                0x000000000001a6c0                atexit
 .text          0x000000000001a6d4        0x0 /media/christoph/8A841458841448D9/space/altera_lite/15.1/nios2eds/bin/gnu/H-x86_64-pc-linux-gnu/bin/../lib/gcc/nios2-elf/4.9.2/../../../../../H-x86_64-pc-linux-gnu/nios2-elf/lib/mno-hw-mul/libc.a(lib_a-exit.o)
 .text.exit     0x000000000001a6d4       0x38 /media/christoph/8A841458841448D9/space/altera_lite/15.1/nios2eds/bin/gnu/H-x86_64-pc-linux-gnu/bin/../lib/gcc/nios2-elf/4.9.2/../../../../../H-x86_64-pc-linux-gnu/nios2-elf/lib/mno-hw-mul/libc.a(lib_a-exit.o)
                0x000000000001a6d4                exit
 .text          0x000000000001a70c        0x0 /media/christoph/8A841458841448D9/space/altera_lite/15.1/nios2eds/bin/gnu/H-x86_64-pc-linux-gnu/bin/../lib/gcc/nios2-elf/4.9.2/../../../../../H-x86_64-pc-linux-gnu/nios2-elf/lib/mno-hw-mul/libc.a(lib_a-memcmp.o)
 .text.memcmp   0x000000000001a70c       0x7c /media/christoph/8A841458841448D9/space/altera_lite/15.1/nios2eds/bin/gnu/H-x86_64-pc-linux-gnu/bin/../lib/gcc/nios2-elf/4.9.2/../../../../../H-x86_64-pc-linux-gnu/nios2-elf/lib/mno-hw-mul/libc.a(lib_a-memcmp.o)
                0x000000000001a70c                memcmp
 .text          0x000000000001a788        0x0 /media/christoph/8A841458841448D9/space/altera_lite/15.1/nios2eds/bin/gnu/H-x86_64-pc-linux-gnu/bin/../lib/gcc/nios2-elf/4.9.2/../../../../../H-x86_64-pc-linux-gnu/nios2-elf/lib/mno-hw-mul/libc.a(lib_a-__atexit.o)
 .text.__register_exitproc
                0x000000000001a788      0x114 /media/christoph/8A841458841448D9/space/altera_lite/15.1/nios2eds/bin/gnu/H-x86_64-pc-linux-gnu/bin/../lib/gcc/nios2-elf/4.9.2/../../../../../H-x86_64-pc-linux-gnu/nios2-elf/lib/mno-hw-mul/libc.a(lib_a-__atexit.o)
                0x000000000001a788                __register_exitproc
 .text          0x000000000001a89c        0x0 /media/christoph/8A841458841448D9/space/altera_lite/15.1/nios2eds/bin/gnu/H-x86_64-pc-linux-gnu/bin/../lib/gcc/nios2-elf/4.9.2/../../../../../H-x86_64-pc-linux-gnu/nios2-elf/lib/mno-hw-mul/libc.a(lib_a-__call_atexit.o)
 .text.__call_exitprocs
                0x000000000001a89c      0x194 /media/christoph/8A841458841448D9/space/altera_lite/15.1/nios2eds/bin/gnu/H-x86_64-pc-linux-gnu/bin/../lib/gcc/nios2-elf/4.9.2/../../../../../H-x86_64-pc-linux-gnu/nios2-elf/lib/mno-hw-mul/libc.a(lib_a-__call_atexit.o)
                0x000000000001a89c                __call_exitprocs
 .text          0x000000000001aa30       0x3c ../Autonomous_Car_OS_bsp//libucosii_bsp.a(alt_exit.o)
                0x000000000001aa30                _exit
 *(.gnu.warning.*)
 *(.fini)
                0x000000000001aa6c                PROVIDE (__etext, ABSOLUTE (.))
                0x000000000001aa6c                PROVIDE (_etext, ABSOLUTE (.))
                0x000000000001aa6c                PROVIDE (etext, ABSOLUTE (.))
 *(.eh_frame_hdr)
                0x000000000001aa6c                . = ALIGN (0x4)
                0x000000000001aa6c                PROVIDE (__preinit_array_start, ABSOLUTE (.))
 *(.preinit_array)
                0x000000000001aa6c                PROVIDE (__preinit_array_end, ABSOLUTE (.))
                0x000000000001aa6c                PROVIDE (__init_array_start, ABSOLUTE (.))
 *(.init_array)
                0x000000000001aa6c                PROVIDE (__init_array_end, ABSOLUTE (.))
                0x000000000001aa6c                PROVIDE (__fini_array_start, ABSOLUTE (.))
 *(.fini_array)
                0x000000000001aa6c                PROVIDE (__fini_array_end, ABSOLUTE (.))
 *(.eh_frame)
 *(.gcc_except_table .gcc_except_table.*)
 *(.dynamic)
                0x000000000001aa6c                PROVIDE (__CTOR_LIST__, ABSOLUTE (.))
 *(.ctors)
 *(SORT(.ctors.*))
                0x000000000001aa6c                PROVIDE (__CTOR_END__, ABSOLUTE (.))
                0x000000000001aa6c                PROVIDE (__DTOR_LIST__, ABSOLUTE (.))
 *(.dtors)
 *(SORT(.dtors.*))
                0x000000000001aa6c                PROVIDE (__DTOR_END__, ABSOLUTE (.))
 *(.jcr)
                0x000000000001aa6c                . = ALIGN (0x4)

.rodata         0x000000000001aa6c      0x504
                0x000000000001aa6c                PROVIDE (__ram_rodata_start, ABSOLUTE (.))
                0x000000000001aa6c                . = ALIGN (0x4)
 *(.rodata .rodata.* .gnu.linkonce.r.*)
 .rodata        0x000000000001aa6c       0x18 obj/default/gps.o
 .rodata        0x000000000001aa84       0x40 obj/default/main.o
 .rodata        0x000000000001aac4      0x100 /media/christoph/8A841458841448D9/space/altera_lite/15.1/nios2eds/bin/gnu/H-x86_64-pc-linux-gnu/bin/../lib/gcc/nios2-elf/4.9.2/mno-hw-mul/libgcc.a(_clz.o)
                0x000000000001aac4                __clz_tab
 .rodata.str1.4
                0x000000000001abc4       0x42 /media/christoph/8A841458841448D9/space/altera_lite/15.1/nios2eds/bin/gnu/H-x86_64-pc-linux-gnu/bin/../lib/gcc/nios2-elf/4.9.2/../../../../../H-x86_64-pc-linux-gnu/nios2-elf/lib/mno-hw-mul/libc.a(lib_a-vfprintf.o)
                                         0x44 (size before relaxing)
 .rodata.zeroes.4255
                0x000000000001ac06       0x10 /media/christoph/8A841458841448D9/space/altera_lite/15.1/nios2eds/bin/gnu/H-x86_64-pc-linux-gnu/bin/../lib/gcc/nios2-elf/4.9.2/../../../../../H-x86_64-pc-linux-gnu/nios2-elf/lib/mno-hw-mul/libc.a(lib_a-vfprintf.o)
 .rodata.blanks.4254
                0x000000000001ac16       0x10 /media/christoph/8A841458841448D9/space/altera_lite/15.1/nios2eds/bin/gnu/H-x86_64-pc-linux-gnu/bin/../lib/gcc/nios2-elf/4.9.2/../../../../../H-x86_64-pc-linux-gnu/nios2-elf/lib/mno-hw-mul/libc.a(lib_a-vfprintf.o)
 *fill*         0x000000000001ac26        0x2 
 .rodata.str1.4
                0x000000000001ac28       0x10 /media/christoph/8A841458841448D9/space/altera_lite/15.1/nios2eds/bin/gnu/H-x86_64-pc-linux-gnu/bin/../lib/gcc/nios2-elf/4.9.2/../../../../../H-x86_64-pc-linux-gnu/nios2-elf/lib/mno-hw-mul/libc.a(lib_a-dtoa.o)
                                         0x14 (size before relaxing)
 .rodata.str1.4
                0x000000000001ac38        0x2 /media/christoph/8A841458841448D9/space/altera_lite/15.1/nios2eds/bin/gnu/H-x86_64-pc-linux-gnu/bin/../lib/gcc/nios2-elf/4.9.2/../../../../../H-x86_64-pc-linux-gnu/nios2-elf/lib/mno-hw-mul/libc.a(lib_a-impure.o)
                                          0x4 (size before relaxing)
 *fill*         0x000000000001ac3a        0x2 
 .rodata.str1.4
                0x000000000001ac3c        0xc /media/christoph/8A841458841448D9/space/altera_lite/15.1/nios2eds/bin/gnu/H-x86_64-pc-linux-gnu/bin/../lib/gcc/nios2-elf/4.9.2/../../../../../H-x86_64-pc-linux-gnu/nios2-elf/lib/mno-hw-mul/libc.a(lib_a-locale.o)
                                         0x14 (size before relaxing)
 .rodata.p05.2710
                0x000000000001ac48        0xc /media/christoph/8A841458841448D9/space/altera_lite/15.1/nios2eds/bin/gnu/H-x86_64-pc-linux-gnu/bin/../lib/gcc/nios2-elf/4.9.2/../../../../../H-x86_64-pc-linux-gnu/nios2-elf/lib/mno-hw-mul/libc.a(lib_a-mprec.o)
 .rodata.__mprec_tinytens
                0x000000000001ac54       0x28 /media/christoph/8A841458841448D9/space/altera_lite/15.1/nios2eds/bin/gnu/H-x86_64-pc-linux-gnu/bin/../lib/gcc/nios2-elf/4.9.2/../../../../../H-x86_64-pc-linux-gnu/nios2-elf/lib/mno-hw-mul/libc.a(lib_a-mprec.o)
                0x000000000001ac54                __mprec_tinytens
 .rodata.__mprec_bigtens
                0x000000000001ac7c       0x28 /media/christoph/8A841458841448D9/space/altera_lite/15.1/nios2eds/bin/gnu/H-x86_64-pc-linux-gnu/bin/../lib/gcc/nios2-elf/4.9.2/../../../../../H-x86_64-pc-linux-gnu/nios2-elf/lib/mno-hw-mul/libc.a(lib_a-mprec.o)
                0x000000000001ac7c                __mprec_bigtens
 .rodata.__mprec_tens
                0x000000000001aca4       0xc8 /media/christoph/8A841458841448D9/space/altera_lite/15.1/nios2eds/bin/gnu/H-x86_64-pc-linux-gnu/bin/../lib/gcc/nios2-elf/4.9.2/../../../../../H-x86_64-pc-linux-gnu/nios2-elf/lib/mno-hw-mul/libc.a(lib_a-mprec.o)
                0x000000000001aca4                __mprec_tens
 .rodata.str1.4
                0x0000000000000000       0x30 /media/christoph/8A841458841448D9/space/altera_lite/15.1/nios2eds/bin/gnu/H-x86_64-pc-linux-gnu/bin/../lib/gcc/nios2-elf/4.9.2/../../../../../H-x86_64-pc-linux-gnu/nios2-elf/lib/mno-hw-mul/libc.a(lib_a-vfiprintf.o)
 .rodata.zeroes.4200
                0x000000000001ad6c       0x10 /media/christoph/8A841458841448D9/space/altera_lite/15.1/nios2eds/bin/gnu/H-x86_64-pc-linux-gnu/bin/../lib/gcc/nios2-elf/4.9.2/../../../../../H-x86_64-pc-linux-gnu/nios2-elf/lib/mno-hw-mul/libc.a(lib_a-vfiprintf.o)
 .rodata.blanks.4199
                0x000000000001ad7c       0x10 /media/christoph/8A841458841448D9/space/altera_lite/15.1/nios2eds/bin/gnu/H-x86_64-pc-linux-gnu/bin/../lib/gcc/nios2-elf/4.9.2/../../../../../H-x86_64-pc-linux-gnu/nios2-elf/lib/mno-hw-mul/libc.a(lib_a-vfiprintf.o)
 .rodata        0x000000000001ad8c        0xc ../Autonomous_Car_OS_bsp//libucosii_bsp.a(alt_dev.o)
 .rodata        0x000000000001ad98       0x14 ../Autonomous_Car_OS_bsp//libucosii_bsp.a(alt_main.o)
 .rodata        0x000000000001adac      0x120 ../Autonomous_Car_OS_bsp//libucosii_bsp.a(os_core.o)
                0x000000000001adac                OSUnMapTbl
 .rodata        0x000000000001aecc       0xa0 ../Autonomous_Car_OS_bsp//libucosii_bsp.a(alt_sys_init.o)
 .rodata        0x000000000001af6c        0x4 ../Autonomous_Car_OS_bsp//libucosii_bsp.a(os_cpu_c.o)
 *(.rodata1)
                0x000000000001af70                . = ALIGN (0x4)
                0x000000000001af70                PROVIDE (__ram_rodata_end, ABSOLUTE (.))
                0x000000000001aa6c                PROVIDE (__flash_rodata_start, LOADADDR (.rodata))

.rwdata         0x000000000001af70     0x2058
                0x000000000001af70                PROVIDE (__ram_rwdata_start, ABSOLUTE (.))
                0x000000000001af70                . = ALIGN (0x4)
 *(.got.plt)
 *(.got)
 *(.data1)
 *(.data .data.* .gnu.linkonce.d.*)
 .data          0x000000000001af70        0x0 ../Autonomous_Car_OS_bsp//obj/HAL/src/crt0.o
 .data          0x000000000001af70        0x0 obj/default/communication.o
 .data          0x000000000001af70        0x0 obj/default/gps.o
 .data          0x000000000001af70        0x0 obj/default/main.o
 .data          0x000000000001af70        0x0 obj/default/motor.o
 .data          0x000000000001af70        0x0 obj/default/uart.o
 .data          0x000000000001af70        0x0 obj/default/ultrasound.o
 .data          0x000000000001af70        0x0 /media/christoph/8A841458841448D9/space/altera_lite/15.1/nios2eds/bin/gnu/H-x86_64-pc-linux-gnu/bin/../lib/gcc/nios2-elf/4.9.2/mno-hw-mul/libgcc.a(_fixunsdfsi.o)
 .data          0x000000000001af70        0x0 /media/christoph/8A841458841448D9/space/altera_lite/15.1/nios2eds/bin/gnu/H-x86_64-pc-linux-gnu/bin/../lib/gcc/nios2-elf/4.9.2/mno-hw-mul/libgcc.a(lib2-mul.o)
 .data          0x000000000001af70        0x0 /media/christoph/8A841458841448D9/space/altera_lite/15.1/nios2eds/bin/gnu/H-x86_64-pc-linux-gnu/bin/../lib/gcc/nios2-elf/4.9.2/mno-hw-mul/libgcc.a(divdf3.o)
 .data          0x000000000001af70        0x0 /media/christoph/8A841458841448D9/space/altera_lite/15.1/nios2eds/bin/gnu/H-x86_64-pc-linux-gnu/bin/../lib/gcc/nios2-elf/4.9.2/mno-hw-mul/libgcc.a(gedf2.o)
 .data          0x000000000001af70        0x0 /media/christoph/8A841458841448D9/space/altera_lite/15.1/nios2eds/bin/gnu/H-x86_64-pc-linux-gnu/bin/../lib/gcc/nios2-elf/4.9.2/mno-hw-mul/libgcc.a(ledf2.o)
 .data          0x000000000001af70        0x0 /media/christoph/8A841458841448D9/space/altera_lite/15.1/nios2eds/bin/gnu/H-x86_64-pc-linux-gnu/bin/../lib/gcc/nios2-elf/4.9.2/mno-hw-mul/libgcc.a(muldf3.o)
 .data          0x000000000001af70        0x0 /media/christoph/8A841458841448D9/space/altera_lite/15.1/nios2eds/bin/gnu/H-x86_64-pc-linux-gnu/bin/../lib/gcc/nios2-elf/4.9.2/mno-hw-mul/libgcc.a(subdf3.o)
 .data          0x000000000001af70        0x0 /media/christoph/8A841458841448D9/space/altera_lite/15.1/nios2eds/bin/gnu/H-x86_64-pc-linux-gnu/bin/../lib/gcc/nios2-elf/4.9.2/mno-hw-mul/libgcc.a(fixdfsi.o)
 .data          0x000000000001af70        0x0 /media/christoph/8A841458841448D9/space/altera_lite/15.1/nios2eds/bin/gnu/H-x86_64-pc-linux-gnu/bin/../lib/gcc/nios2-elf/4.9.2/mno-hw-mul/libgcc.a(floatsidf.o)
 .data          0x000000000001af70        0x0 /media/christoph/8A841458841448D9/space/altera_lite/15.1/nios2eds/bin/gnu/H-x86_64-pc-linux-gnu/bin/../lib/gcc/nios2-elf/4.9.2/mno-hw-mul/libgcc.a(_clzsi2.o)
 .data          0x000000000001af70        0x0 /media/christoph/8A841458841448D9/space/altera_lite/15.1/nios2eds/bin/gnu/H-x86_64-pc-linux-gnu/bin/../lib/gcc/nios2-elf/4.9.2/mno-hw-mul/libgcc.a(lib2-divmod.o)
 .data          0x000000000001af70        0x0 /media/christoph/8A841458841448D9/space/altera_lite/15.1/nios2eds/bin/gnu/H-x86_64-pc-linux-gnu/bin/../lib/gcc/nios2-elf/4.9.2/mno-hw-mul/libgcc.a(_clz.o)
 .data          0x000000000001af70        0x0 /media/christoph/8A841458841448D9/space/altera_lite/15.1/nios2eds/bin/gnu/H-x86_64-pc-linux-gnu/bin/../lib/gcc/nios2-elf/4.9.2/../../../../../H-x86_64-pc-linux-gnu/nios2-elf/lib/mno-hw-mul/libc.a(lib_a-printf.o)
 .data          0x000000000001af70        0x0 /media/christoph/8A841458841448D9/space/altera_lite/15.1/nios2eds/bin/gnu/H-x86_64-pc-linux-gnu/bin/../lib/gcc/nios2-elf/4.9.2/../../../../../H-x86_64-pc-linux-gnu/nios2-elf/lib/mno-hw-mul/libc.a(lib_a-strncmp.o)
 .data          0x000000000001af70        0x0 /media/christoph/8A841458841448D9/space/altera_lite/15.1/nios2eds/bin/gnu/H-x86_64-pc-linux-gnu/bin/../lib/gcc/nios2-elf/4.9.2/../../../../../H-x86_64-pc-linux-gnu/nios2-elf/lib/mno-hw-mul/libc.a(lib_a-strncpy.o)
 .data          0x000000000001af70        0x0 /media/christoph/8A841458841448D9/space/altera_lite/15.1/nios2eds/bin/gnu/H-x86_64-pc-linux-gnu/bin/../lib/gcc/nios2-elf/4.9.2/../../../../../H-x86_64-pc-linux-gnu/nios2-elf/lib/mno-hw-mul/libc.a(lib_a-vfprintf.o)
 .data          0x000000000001af70        0x0 /media/christoph/8A841458841448D9/space/altera_lite/15.1/nios2eds/bin/gnu/H-x86_64-pc-linux-gnu/bin/../lib/gcc/nios2-elf/4.9.2/../../../../../H-x86_64-pc-linux-gnu/nios2-elf/lib/mno-hw-mul/libc.a(lib_a-wsetup.o)
 .data          0x000000000001af70        0x0 /media/christoph/8A841458841448D9/space/altera_lite/15.1/nios2eds/bin/gnu/H-x86_64-pc-linux-gnu/bin/../lib/gcc/nios2-elf/4.9.2/../../../../../H-x86_64-pc-linux-gnu/nios2-elf/lib/mno-hw-mul/libc.a(lib_a-dtoa.o)
 .data          0x000000000001af70        0x0 /media/christoph/8A841458841448D9/space/altera_lite/15.1/nios2eds/bin/gnu/H-x86_64-pc-linux-gnu/bin/../lib/gcc/nios2-elf/4.9.2/../../../../../H-x86_64-pc-linux-gnu/nios2-elf/lib/mno-hw-mul/libc.a(lib_a-fflush.o)
 .data          0x000000000001af70        0x0 /media/christoph/8A841458841448D9/space/altera_lite/15.1/nios2eds/bin/gnu/H-x86_64-pc-linux-gnu/bin/../lib/gcc/nios2-elf/4.9.2/../../../../../H-x86_64-pc-linux-gnu/nios2-elf/lib/mno-hw-mul/libc.a(lib_a-findfp.o)
 .data          0x000000000001af70        0x0 /media/christoph/8A841458841448D9/space/altera_lite/15.1/nios2eds/bin/gnu/H-x86_64-pc-linux-gnu/bin/../lib/gcc/nios2-elf/4.9.2/../../../../../H-x86_64-pc-linux-gnu/nios2-elf/lib/mno-hw-mul/libc.a(lib_a-freer.o)
 .data          0x000000000001af70        0x0 /media/christoph/8A841458841448D9/space/altera_lite/15.1/nios2eds/bin/gnu/H-x86_64-pc-linux-gnu/bin/../lib/gcc/nios2-elf/4.9.2/../../../../../H-x86_64-pc-linux-gnu/nios2-elf/lib/mno-hw-mul/libc.a(lib_a-fwalk.o)
 .data          0x000000000001af70        0x0 /media/christoph/8A841458841448D9/space/altera_lite/15.1/nios2eds/bin/gnu/H-x86_64-pc-linux-gnu/bin/../lib/gcc/nios2-elf/4.9.2/../../../../../H-x86_64-pc-linux-gnu/nios2-elf/lib/mno-hw-mul/libc.a(lib_a-impure.o)
 .data.impure_data
                0x000000000001af70      0x424 /media/christoph/8A841458841448D9/space/altera_lite/15.1/nios2eds/bin/gnu/H-x86_64-pc-linux-gnu/bin/../lib/gcc/nios2-elf/4.9.2/../../../../../H-x86_64-pc-linux-gnu/nios2-elf/lib/mno-hw-mul/libc.a(lib_a-impure.o)
 .data          0x000000000001b394        0x0 /media/christoph/8A841458841448D9/space/altera_lite/15.1/nios2eds/bin/gnu/H-x86_64-pc-linux-gnu/bin/../lib/gcc/nios2-elf/4.9.2/../../../../../H-x86_64-pc-linux-gnu/nios2-elf/lib/mno-hw-mul/libc.a(lib_a-locale.o)
 .data.lc_message_charset
                0x000000000001b394       0x20 /media/christoph/8A841458841448D9/space/altera_lite/15.1/nios2eds/bin/gnu/H-x86_64-pc-linux-gnu/bin/../lib/gcc/nios2-elf/4.9.2/../../../../../H-x86_64-pc-linux-gnu/nios2-elf/lib/mno-hw-mul/libc.a(lib_a-locale.o)
 .data.lc_ctype_charset
                0x000000000001b3b4       0x20 /media/christoph/8A841458841448D9/space/altera_lite/15.1/nios2eds/bin/gnu/H-x86_64-pc-linux-gnu/bin/../lib/gcc/nios2-elf/4.9.2/../../../../../H-x86_64-pc-linux-gnu/nios2-elf/lib/mno-hw-mul/libc.a(lib_a-locale.o)
 .data.lconv    0x000000000001b3d4       0x38 /media/christoph/8A841458841448D9/space/altera_lite/15.1/nios2eds/bin/gnu/H-x86_64-pc-linux-gnu/bin/../lib/gcc/nios2-elf/4.9.2/../../../../../H-x86_64-pc-linux-gnu/nios2-elf/lib/mno-hw-mul/libc.a(lib_a-locale.o)
 .data          0x000000000001b40c        0x0 /media/christoph/8A841458841448D9/space/altera_lite/15.1/nios2eds/bin/gnu/H-x86_64-pc-linux-gnu/bin/../lib/gcc/nios2-elf/4.9.2/../../../../../H-x86_64-pc-linux-gnu/nios2-elf/lib/mno-hw-mul/libc.a(lib_a-makebuf.o)
 .data          0x000000000001b40c        0x0 /media/christoph/8A841458841448D9/space/altera_lite/15.1/nios2eds/bin/gnu/H-x86_64-pc-linux-gnu/bin/../lib/gcc/nios2-elf/4.9.2/../../../../../H-x86_64-pc-linux-gnu/nios2-elf/lib/mno-hw-mul/libc.a(lib_a-mallocr.o)
 .data.__malloc_av_
                0x000000000001b40c      0x408 /media/christoph/8A841458841448D9/space/altera_lite/15.1/nios2eds/bin/gnu/H-x86_64-pc-linux-gnu/bin/../lib/gcc/nios2-elf/4.9.2/../../../../../H-x86_64-pc-linux-gnu/nios2-elf/lib/mno-hw-mul/libc.a(lib_a-mallocr.o)
                0x000000000001b40c                __malloc_av_
 .data          0x000000000001b814        0x0 /media/christoph/8A841458841448D9/space/altera_lite/15.1/nios2eds/bin/gnu/H-x86_64-pc-linux-gnu/bin/../lib/gcc/nios2-elf/4.9.2/../../../../../H-x86_64-pc-linux-gnu/nios2-elf/lib/mno-hw-mul/libc.a(lib_a-memchr.o)
 .data          0x000000000001b814        0x0 /media/christoph/8A841458841448D9/space/altera_lite/15.1/nios2eds/bin/gnu/H-x86_64-pc-linux-gnu/bin/../lib/gcc/nios2-elf/4.9.2/../../../../../H-x86_64-pc-linux-gnu/nios2-elf/lib/mno-hw-mul/libc.a(lib_a-memcpy.o)
 .data          0x000000000001b814        0x0 /media/christoph/8A841458841448D9/space/altera_lite/15.1/nios2eds/bin/gnu/H-x86_64-pc-linux-gnu/bin/../lib/gcc/nios2-elf/4.9.2/../../../../../H-x86_64-pc-linux-gnu/nios2-elf/lib/mno-hw-mul/libc.a(lib_a-memset.o)
 .data          0x000000000001b814        0x0 /media/christoph/8A841458841448D9/space/altera_lite/15.1/nios2eds/bin/gnu/H-x86_64-pc-linux-gnu/bin/../lib/gcc/nios2-elf/4.9.2/../../../../../H-x86_64-pc-linux-gnu/nios2-elf/lib/mno-hw-mul/libc.a(lib_a-mprec.o)
 .data          0x000000000001b814        0x0 /media/christoph/8A841458841448D9/space/altera_lite/15.1/nios2eds/bin/gnu/H-x86_64-pc-linux-gnu/bin/../lib/gcc/nios2-elf/4.9.2/../../../../../H-x86_64-pc-linux-gnu/nios2-elf/lib/mno-hw-mul/libc.a(lib_a-s_fpclassify.o)
 .data          0x000000000001b814        0x0 /media/christoph/8A841458841448D9/space/altera_lite/15.1/nios2eds/bin/gnu/H-x86_64-pc-linux-gnu/bin/../lib/gcc/nios2-elf/4.9.2/../../../../../H-x86_64-pc-linux-gnu/nios2-elf/lib/mno-hw-mul/libc.a(lib_a-sbrkr.o)
 .data          0x000000000001b814        0x0 /media/christoph/8A841458841448D9/space/altera_lite/15.1/nios2eds/bin/gnu/H-x86_64-pc-linux-gnu/bin/../lib/gcc/nios2-elf/4.9.2/../../../../../H-x86_64-pc-linux-gnu/nios2-elf/lib/mno-hw-mul/libc.a(lib_a-stdio.o)
 .data          0x000000000001b814        0x0 /media/christoph/8A841458841448D9/space/altera_lite/15.1/nios2eds/bin/gnu/H-x86_64-pc-linux-gnu/bin/../lib/gcc/nios2-elf/4.9.2/../../../../../H-x86_64-pc-linux-gnu/nios2-elf/lib/mno-hw-mul/libc.a(lib_a-strcmp.o)
 .data          0x000000000001b814        0x0 /media/christoph/8A841458841448D9/space/altera_lite/15.1/nios2eds/bin/gnu/H-x86_64-pc-linux-gnu/bin/../lib/gcc/nios2-elf/4.9.2/../../../../../H-x86_64-pc-linux-gnu/nios2-elf/lib/mno-hw-mul/libc.a(lib_a-strlen.o)
 .data          0x000000000001b814        0x0 /media/christoph/8A841458841448D9/space/altera_lite/15.1/nios2eds/bin/gnu/H-x86_64-pc-linux-gnu/bin/../lib/gcc/nios2-elf/4.9.2/../../../../../H-x86_64-pc-linux-gnu/nios2-elf/lib/mno-hw-mul/libc.a(lib_a-vfiprintf.o)
 .data          0x000000000001b814        0x0 /media/christoph/8A841458841448D9/space/altera_lite/15.1/nios2eds/bin/gnu/H-x86_64-pc-linux-gnu/bin/../lib/gcc/nios2-elf/4.9.2/../../../../../H-x86_64-pc-linux-gnu/nios2-elf/lib/mno-hw-mul/libc.a(lib_a-writer.o)
 .data          0x000000000001b814        0x0 /media/christoph/8A841458841448D9/space/altera_lite/15.1/nios2eds/bin/gnu/H-x86_64-pc-linux-gnu/bin/../lib/gcc/nios2-elf/4.9.2/../../../../../H-x86_64-pc-linux-gnu/nios2-elf/lib/mno-hw-mul/libc.a(closer.o)
 .data          0x000000000001b814        0x0 /media/christoph/8A841458841448D9/space/altera_lite/15.1/nios2eds/bin/gnu/H-x86_64-pc-linux-gnu/bin/../lib/gcc/nios2-elf/4.9.2/../../../../../H-x86_64-pc-linux-gnu/nios2-elf/lib/mno-hw-mul/libc.a(lib_a-callocr.o)
 .data          0x000000000001b814        0x0 /media/christoph/8A841458841448D9/space/altera_lite/15.1/nios2eds/bin/gnu/H-x86_64-pc-linux-gnu/bin/../lib/gcc/nios2-elf/4.9.2/../../../../../H-x86_64-pc-linux-gnu/nios2-elf/lib/mno-hw-mul/libc.a(lib_a-fclose.o)
 .data          0x000000000001b814        0x0 /media/christoph/8A841458841448D9/space/altera_lite/15.1/nios2eds/bin/gnu/H-x86_64-pc-linux-gnu/bin/../lib/gcc/nios2-elf/4.9.2/../../../../../H-x86_64-pc-linux-gnu/nios2-elf/lib/mno-hw-mul/libc.a(lib_a-fputwc.o)
 .data          0x000000000001b814        0x0 /media/christoph/8A841458841448D9/space/altera_lite/15.1/nios2eds/bin/gnu/H-x86_64-pc-linux-gnu/bin/../lib/gcc/nios2-elf/4.9.2/../../../../../H-x86_64-pc-linux-gnu/nios2-elf/lib/mno-hw-mul/libc.a(lib_a-fstatr.o)